Component: ARM Compiler 5.06 update 7 (build 960) Tool: armlink [4d3601]

==============================================================================

Section Cross References

    startup_stm32h723xx.o(RESET) refers to startup_stm32h723xx.o(STACK) for __initial_sp
    startup_stm32h723xx.o(RESET) refers to startup_stm32h723xx.o(.text) for Reset_Handler
    startup_stm32h723xx.o(RESET) refers to stm32h7xx_it.o(i.NMI_Handler) for NMI_Handler
    startup_stm32h723xx.o(RESET) refers to stm32h7xx_it.o(i.HardFault_Handler) for HardFault_Handler
    startup_stm32h723xx.o(RESET) refers to stm32h7xx_it.o(i.MemManage_Handler) for MemManage_Handler
    startup_stm32h723xx.o(RESET) refers to stm32h7xx_it.o(i.BusFault_Handler) for BusFault_Handler
    startup_stm32h723xx.o(RESET) refers to stm32h7xx_it.o(i.UsageFault_Handler) for UsageFault_Handler
    startup_stm32h723xx.o(RESET) refers to port.o(.emb_text) for SVC_Handler
    startup_stm32h723xx.o(RESET) refers to stm32h7xx_it.o(i.DebugMon_Handler) for DebugMon_Handler
    startup_stm32h723xx.o(RESET) refers to cmsis_os2.o(i.SysTick_Handler) for SysTick_Handler
    startup_stm32h723xx.o(RESET) refers to stm32h7xx_it.o(i.EXTI0_IRQHandler) for EXTI0_IRQHandler
    startup_stm32h723xx.o(RESET) refers to stm32h7xx_it.o(i.EXTI2_IRQHandler) for EXTI2_IRQHandler
    startup_stm32h723xx.o(RESET) refers to stm32h7xx_it.o(i.DMA1_Stream0_IRQHandler) for DMA1_Stream0_IRQHandler
    startup_stm32h723xx.o(RESET) refers to stm32h7xx_it.o(i.DMA1_Stream2_IRQHandler) for DMA1_Stream2_IRQHandler
    startup_stm32h723xx.o(RESET) refers to stm32h7xx_it.o(i.FDCAN1_IT0_IRQHandler) for FDCAN1_IT0_IRQHandler
    startup_stm32h723xx.o(RESET) refers to stm32h7xx_it.o(i.FDCAN2_IT0_IRQHandler) for FDCAN2_IT0_IRQHandler
    startup_stm32h723xx.o(RESET) refers to stm32h7xx_it.o(i.FDCAN1_IT1_IRQHandler) for FDCAN1_IT1_IRQHandler
    startup_stm32h723xx.o(RESET) refers to stm32h7xx_it.o(i.FDCAN2_IT1_IRQHandler) for FDCAN2_IT1_IRQHandler
    startup_stm32h723xx.o(RESET) refers to stm32h7xx_it.o(i.EXTI9_5_IRQHandler) for EXTI9_5_IRQHandler
    startup_stm32h723xx.o(RESET) refers to stm32h7xx_it.o(i.TIM1_UP_IRQHandler) for TIM1_UP_IRQHandler
    startup_stm32h723xx.o(RESET) refers to stm32h7xx_it.o(i.TIM2_IRQHandler) for TIM2_IRQHandler
    startup_stm32h723xx.o(RESET) refers to stm32h7xx_it.o(i.USART1_IRQHandler) for USART1_IRQHandler
    startup_stm32h723xx.o(RESET) refers to stm32h7xx_it.o(i.EXTI15_10_IRQHandler) for EXTI15_10_IRQHandler
    startup_stm32h723xx.o(RESET) refers to stm32h7xx_it.o(i.TIM8_BRK_TIM12_IRQHandler) for TIM8_BRK_TIM12_IRQHandler
    startup_stm32h723xx.o(RESET) refers to stm32h7xx_it.o(i.UART5_IRQHandler) for UART5_IRQHandler
    startup_stm32h723xx.o(RESET) refers to stm32h7xx_it.o(i.OTG_HS_IRQHandler) for OTG_HS_IRQHandler
    startup_stm32h723xx.o(RESET) refers to stm32h7xx_it.o(i.UART8_IRQHandler) for UART8_IRQHandler
    startup_stm32h723xx.o(RESET) refers to stm32h7xx_it.o(i.SPI6_IRQHandler) for SPI6_IRQHandler
    startup_stm32h723xx.o(RESET) refers to stm32h7xx_it.o(i.BDMA_Channel0_IRQHandler) for BDMA_Channel0_IRQHandler
    startup_stm32h723xx.o(RESET) refers to stm32h7xx_it.o(i.FDCAN3_IT0_IRQHandler) for FDCAN3_IT0_IRQHandler
    startup_stm32h723xx.o(RESET) refers to stm32h7xx_it.o(i.FDCAN3_IT1_IRQHandler) for FDCAN3_IT1_IRQHandler
    startup_stm32h723xx.o(.text) refers to system_stm32h7xx.o(i.ExitRun0Mode) for ExitRun0Mode
    startup_stm32h723xx.o(.text) refers to system_stm32h7xx.o(i.SystemInit) for SystemInit
    startup_stm32h723xx.o(.text) refers to entry.o(.ARM.Collect$$$$00000000) for __main
    main.o(i.HAL_TIM_PeriodElapsedCallback) refers to stm32h7xx_hal.o(i.HAL_IncTick) for HAL_IncTick
    main.o(i.MPU_Config) refers to stm32h7xx_hal_cortex.o(i.HAL_MPU_Disable) for HAL_MPU_Disable
    main.o(i.MPU_Config) refers to stm32h7xx_hal_cortex.o(i.HAL_MPU_ConfigRegion) for HAL_MPU_ConfigRegion
    main.o(i.MPU_Config) refers to stm32h7xx_hal_cortex.o(i.HAL_MPU_Enable) for HAL_MPU_Enable
    main.o(i.SystemClock_Config) refers to memseta.o(.text) for __aeabi_memclr4
    main.o(i.SystemClock_Config) refers to stm32h7xx_hal_pwr_ex.o(i.HAL_PWREx_ConfigSupply) for HAL_PWREx_ConfigSupply
    main.o(i.SystemClock_Config) refers to stm32h7xx_hal_rcc.o(i.HAL_RCC_OscConfig) for HAL_RCC_OscConfig
    main.o(i.SystemClock_Config) refers to main.o(i.Error_Handler) for Error_Handler
    main.o(i.SystemClock_Config) refers to stm32h7xx_hal_rcc.o(i.HAL_RCC_ClockConfig) for HAL_RCC_ClockConfig
    main.o(i.main) refers to main.o(i.MPU_Config) for MPU_Config
    main.o(i.main) refers to stm32h7xx_hal.o(i.HAL_Init) for HAL_Init
    main.o(i.main) refers to main.o(i.SystemClock_Config) for SystemClock_Config
    main.o(i.main) refers to gpio.o(i.MX_GPIO_Init) for MX_GPIO_Init
    main.o(i.main) refers to stm32h7xx_hal_gpio.o(i.HAL_GPIO_WritePin) for HAL_GPIO_WritePin
    main.o(i.main) refers to stm32h7xx_hal.o(i.HAL_Delay) for HAL_Delay
[...]
    USBD_StdDevReq                           0x08012051   Thumb Code   174  usbd_ctlreq.o(i.USBD_StdDevReq)
    USBD_StdEPReq                            0x080120ff   Thumb Code   644  usbd_ctlreq.o(i.USBD_StdEPReq)
    USBD_StdItfReq                           0x08012383   Thumb Code   174  usbd_ctlreq.o(i.USBD_StdItfReq)
    USBD_static_free                         0x08012431   Thumb Code     2  usbd_conf.o(i.USBD_static_free)
    USBD_static_malloc                       0x08012435   Thumb Code     6  usbd_conf.o(i.USBD_static_malloc)
    USB_ActivateEndpoint                     0x08012441   Thumb Code   202  stm32h7xx_ll_usb.o(i.USB_ActivateEndpoint)
    USB_ActivateSetup                        0x08012511   Thumb Code    40  stm32h7xx_ll_usb.o(i.USB_ActivateSetup)
    USB_CoreInit                             0x08012539   Thumb Code   158  stm32h7xx_ll_usb.o(i.USB_CoreInit)
    USB_DeactivateEndpoint                   0x08012645   Thumb Code   318  stm32h7xx_ll_usb.o(i.USB_DeactivateEndpoint)
    USB_DevConnect                           0x08012791   Thumb Code    36  stm32h7xx_ll_usb.o(i.USB_DevConnect)
    USB_DevDisconnect                        0x080127b5   Thumb Code    36  stm32h7xx_ll_usb.o(i.USB_DevDisconnect)
    USB_DevInit                              0x080127d9   Thumb Code   472  stm32h7xx_ll_usb.o(i.USB_DevInit)
    USB_DisableGlobalInt                     0x080129b9   Thumb Code    14  stm32h7xx_ll_usb.o(i.USB_DisableGlobalInt)
    USB_EP0_OutStart                         0x080129c9   Thumb Code   106  stm32h7xx_ll_usb.o(i.USB_EP0_OutStart)
    USB_EPClearStall                         0x08012a39   Thumb Code   142  stm32h7xx_ll_usb.o(i.USB_EPClearStall)
    USB_EPSetStall                           0x08012ac7   Thumb Code   154  stm32h7xx_ll_usb.o(i.USB_EPSetStall)
    USB_EPStartXfer                          0x08012b61   Thumb Code   954  stm32h7xx_ll_usb.o(i.USB_EPStartXfer)
    USB_EPStopXfer                           0x08012f21   Thumb Code   372  stm32h7xx_ll_usb.o(i.USB_EPStopXfer)
    USB_EnableGlobalInt                      0x08013095   Thumb Code    14  stm32h7xx_ll_usb.o(i.USB_EnableGlobalInt)
    USB_FlushRxFifo                          0x080130a3   Thumb Code    80  stm32h7xx_ll_usb.o(i.USB_FlushRxFifo)
    USB_FlushTxFifo                          0x080130f3   Thumb Code    84  stm32h7xx_ll_usb.o(i.USB_FlushTxFifo)
    USB_GetDevSpeed                          0x08013147   Thumb Code    38  stm32h7xx_ll_usb.o(i.USB_GetDevSpeed)
    USB_GetMode                              0x0801316d   Thumb Code    10  stm32h7xx_ll_usb.o(i.USB_GetMode)
    USB_ReadDevAllInEpInterrupt              0x08013177   Thumb Code    20  stm32h7xx_ll_usb.o(i.USB_ReadDevAllInEpInterrupt)
    USB_ReadDevAllOutEpInterrupt             0x0801318b   Thumb Code    20  stm32h7xx_ll_usb.o(i.USB_ReadDevAllOutEpInterrupt)
    USB_ReadDevInEPInterrupt                 0x0801319f   Thumb Code    50  stm32h7xx_ll_usb.o(i.USB_ReadDevInEPInterrupt)
    USB_ReadDevOutEPInterrupt                0x080131d1   Thumb Code    26  stm32h7xx_ll_usb.o(i.USB_ReadDevOutEPInterrupt)
    USB_ReadInterrupts                       0x080131eb   Thumb Code    10  stm32h7xx_ll_usb.o(i.USB_ReadInterrupts)
    USB_ReadPacket                           0x080131f5   Thumb Code    96  stm32h7xx_ll_usb.o(i.USB_ReadPacket)
    USB_SetCurrentMode                       0x08013255   Thumb Code   104  stm32h7xx_ll_usb.o(i.USB_SetCurrentMode)
    USB_SetDevAddress                        0x080132bd   Thumb Code    42  stm32h7xx_ll_usb.o(i.USB_SetDevAddress)
    USB_SetDevSpeed                          0x080132e7   Thumb Code    18  stm32h7xx_ll_usb.o(i.USB_SetDevSpeed)
    USB_SetTurnaroundTime                    0x080132f9   Thumb Code   192  stm32h7xx_ll_usb.o(i.USB_SetTurnaroundTime)
    USB_WritePacket                          0x080133e1   Thumb Code    68  stm32h7xx_ll_usb.o(i.USB_WritePacket)
    Upbabyup                                 0x08013425   Thumb Code   100  up.o(i.Upbabyup)
    UsageFault_Handler                       0x080134a9   Thumb Code     4  stm32h7xx_it.o(i.UsageFault_Handler)
    WS2812_Ctrl                              0x080134ad   Thumb Code   128  ws2812.o(i.WS2812_Ctrl)
    YiJianMeiSong                            0x08013531   Thumb Code 11806  buzzer.o(i.YiJianMeiSong)
    __ARM_fpclassifyf                        0x0801635d   Thumb Code    38  fpclassifyf.o(i.__ARM_fpclassifyf)
    __hardfp_atan2f                          0x080163bd   Thumb Code   594  atan2f.o(i.__hardfp_atan2f)
    __hardfp_fmod                            0x08016671   Thumb Code   246  fmod.o(i.__hardfp_fmod)
    __hardfp_roundf                          0x0801676d   Thumb Code   154  roundf.o(i.__hardfp_roundf)
    __hardfp_sqrtf                           0x0801680d   Thumb Code    58  sqrtf.o(i.__hardfp_sqrtf)
    __mathlib_dbl_invalid                    0x08016849   Thumb Code    10  dunder.o(i.__mathlib_dbl_invalid)
    __mathlib_flt_infnan2                    0x08016861   Thumb Code     6  funder.o(i.__mathlib_flt_infnan2)
    __mathlib_flt_underflow                  0x08016869   Thumb Code    10  funder.o(i.__mathlib_flt_underflow)
    __scatterload_copy                       0x08016879   Thumb Code    14  handlers.o(i.__scatterload_copy)
    __scatterload_null                       0x08016887   Thumb Code     2  handlers.o(i.__scatterload_null)
    __scatterload_zeroinit                   0x08016889   Thumb Code    14  handlers.o(i.__scatterload_zeroinit)
    __set_errno                              0x08016899   Thumb Code     6  errno.o(i.__set_errno)
    data_convert                             0x080168a5   Thumb Code   168  remote_control.o(i.data_convert)
    f_PID_Calculate                          0x08016951   Thumb Code   584  pid.o(i.f_PID_Calculate)
    main                                     0x08016bdd   Thumb Code   128  main.o(i.main)
    osDelay                                  0x08016c69   Thumb Code    30  cmsis_os2.o(i.osDelay)
    osKernelInitialize                       0x08016c89   Thumb Code    48  cmsis_os2.o(i.osKernelInitialize)
    osKernelStart                            0x08016cbd   Thumb Code    92  cmsis_os2.o(i.osKernelStart)
    osThreadNew                              0x08016d25   Thumb Code   184  cmsis_os2.o(i.osThreadNew)
    pvPortMalloc                             0x08017751   Thumb Code   306  heap_4.o(i.pvPortMalloc)
    pxPortInitialiseStack                    0x08017899   Thumb Code    38  port.o(i.pxPortInitialiseStack)
    runbabyrun                               0x080178c5   Thumb Code   168  chassis.o(i.runbabyrun)
    save_pos_zero                            0x0801799d   Thumb Code    96  dm_motor.o(i.save_pos_zero)
    up_Init                                  0x08017a31   Thumb Code   174  register.o(i.up_Init)
    usbdata_get                              0x08017b21   Thumb Code   220  chassis.o(i.usbdata_get)
    uxListRemove                             0x08017c25   Thumb Code    40  list.o(i.uxListRemove)
    vApplicationGetIdleTaskMemory            0x08017c4d   Thumb Code    14  cmsis_os2.o(i.vApplicationGetIdleTaskMemory)
    vApplicationGetTimerTaskMemory           0x08017c65   Thumb Code    16  cmsis_os2.o(i.vApplicationGetTimerTaskMemory)
    vListInitialise                          0x08017c7d   Thumb Code    26  list.o(i.vListInitialise)
    vListInitialiseItem                      0x08017c97   Thumb Code     6  list.o(i.vListInitialiseItem)
    vListInsert                              0x08017c9d   Thumb Code    52  list.o(i.vListInsert)
    vPortEnterCritical                       0x08017cd1   Thumb Code    76  port.o(i.vPortEnterCritical)
    vPortExitCritical                        0x08017d25   Thumb Code    56  port.o(i.vPortExitCritical)
    vPortFree                                0x08017d61   Thumb Code   132  heap_4.o(i.vPortFree)
    vPortSetupTimerInterrupt                 0x08017ded   Thumb Code    36  port.o(i.vPortSetupTimerInterrupt)
    vQueueAddToRegistry                      0x08017e15   Thumb Code    90  queue.o(i.vQueueAddToRegistry)
    vQueueWaitForMessageRestricted           0x08017e75   Thumb Code    74  queue.o(i.vQueueWaitForMessageRestricted)
    vTaskDelay                               0x08017ec1   Thumb Code    82  tasks.o(i.vTaskDelay)
    vTaskInternalSetTimeOutState             0x08017f1d   Thumb Code    14  tasks.o(i.vTaskInternalSetTimeOutState)
    vTaskMissedYield                         0x08017f35   Thumb Code     8  tasks.o(i.vTaskMissedYield)
    vTaskPlaceOnEventList                    0x08017f41   Thumb Code    52  tasks.o(i.vTaskPlaceOnEventList)
    vTaskPlaceOnEventListRestricted          0x08017f79   Thumb Code    98  tasks.o(i.vTaskPlaceOnEventListRestricted)
    vTaskStartScheduler                      0x08017fe1   Thumb Code   160  tasks.o(i.vTaskStartScheduler)
    vTaskSuspendAll                          0x080180a1   Thumb Code    12  tasks.o(i.vTaskSuspendAll)
    vTaskSwitchContext                       0x080180b1   Thumb Code   126  tasks.o(i.vTaskSwitchContext)
    xPortStartScheduler                      0x08018145   Thumb Code   330  port.o(i.xPortStartScheduler)
    xPortSysTickHandler                      0x080182ad   Thumb Code    46  port.o(i.xPortSysTickHandler)
    xQueueGenericCreateStatic                0x080182e1   Thumb Code   154  queue.o(i.xQueueGenericCreateStatic)
    xQueueGenericReset                       0x0801837d   Thumb Code   214  queue.o(i.xQueueGenericReset)
    xQueueReceive                            0x08018459   Thumb Code   356  queue.o(i.xQueueReceive)
    xTaskCheckForTimeOut                     0x080185c1   Thumb Code   136  tasks.o(i.xTaskCheckForTimeOut)
    xTaskCreate                              0x08018651   Thumb Code   108  tasks.o(i.xTaskCreate)
    xTaskCreateStatic                        0x080186bd   Thumb Code   194  tasks.o(i.xTaskCreateStatic)
    xTaskGetSchedulerState                   0x08018781   Thumb Code    24  tasks.o(i.xTaskGetSchedulerState)
    xTaskGetTickCount                        0x080187a1   Thumb Code     6  tasks.o(i.xTaskGetTickCount)
    xTaskIncrementTick                       0x080187ad   Thumb Code   416  tasks.o(i.xTaskIncrementTick)
    xTaskRemoveFromEventList                 0x08018979   Thumb Code   282  tasks.o(i.xTaskRemoveFromEventList)
    xTaskResumeAll                           0x08018aad   Thumb Code   362  tasks.o(i.xTaskResumeAll)
    xTimerCreateTimerTask                    0x08018c3d   Thumb Code   100  timers.o(i.xTimerCreateTimerTask)
    defaultTask_attributes                   0x08018cb4   Data          36  freertos.o(.constdata)
    CanTask_attributes                       0x08018cd8   Data          36  freertos.o(.constdata)
    MotionTask_attributes                    0x08018cfc   Data          36  freertos.o(.constdata)
    UARTPrescTable                           0x08018d84   Data          24  stm32h7xx_hal_uart.o(.constdata)
    D1CorePrescTable                         0x08018dac   Data          16  system_stm32h7xx.o(.constdata)
    Region$$Table$$Base                      0x08018e1c   Number         0  anon$$obj.o(Region$$Table)
    Region$$Table$$Limit                     0x08018e3c   Number         0  anon$$obj.o(Region$$Table)
    defaultTaskHandle                        0x24000000   Data           4  freertos.o(.data)
    CanTaskHandle                            0x24000004   Data           4  freertos.o(.data)
    MotionTaskHandle                         0x24000008   Data           4  freertos.o(.data)
    uwTick                                   0x24000010   Data           4  stm32h7xx_hal.o(.data)
    uwTickPrio                               0x24000014   Data           4  stm32h7xx_hal.o(.data)
    uwTickFreq                               0x24000018   Data           1  stm32h7xx_hal.o(.data)
    SystemCoreClock                          0x2400001c   Data           4  system_stm32h7xx.o(.data)
    SystemD2Clock                            0x24000020   Data           4  system_stm32h7xx.o(.data)
    pxCurrentTCB                             0x24000024   Data           4  tasks.o(.data)
    uxTopUsedPriority                        0x2400005c   Data           4  tasks.o(.data)
    FOURflag                                 0x240000a4   Data           8  bsp_can.o(.data)
    mode                                     0x240000ac   Data           4  can_task.o(.data)
    r                                        0x240000b0   Data           1  can_task.o(.data)
    g                                        0x240000b1   Data           1  can_task.o(.data)
    b                                        0x240000b2   Data           1  can_task.o(.data)
    x                                        0x240000b3   Data           1  can_task.o(.data)
    NextSongFlag                             0x240000b4   Data           1  can_task.o(.data)
    chassis_motor1_pid_param                 0x240000b8   Data          24  chassis.o(.data)
    chassis_motor2_pid_param                 0x240000d0   Data          24  chassis.o(.data)
    chassis_motor3_pid_param                 0x240000e8   Data          24  chassis.o(.data)
    chassis_motor4_pid_param                 0x24000100   Data          24  chassis.o(.data)
    chassis_motor1D_pid_param                0x24000118   Data          24  chassis.o(.data)
    chassis_motor2D_pid_param                0x24000130   Data          24  chassis.o(.data)
    chassis_motor3D_pid_param                0x24000148   Data          24  chassis.o(.data)
    chassis_motor4D_pid_param                0x24000160   Data          24  chassis.o(.data)
    chassis_motor1DP_pid_param               0x24000178   Data          24  chassis.o(.data)
    chassis_motor2DP_pid_param               0x24000190   Data          24  chassis.o(.data)
    chassis_motor3DP_pid_param               0x240001a8   Data          24  chassis.o(.data)
    chassis_motor4DP_pid_param               0x240001c0   Data          24  chassis.o(.data)
    Vx                                       0x240001d8   Data           4  chassis.o(.data)
    Vy                                       0x240001dc   Data           4  chassis.o(.data)
    Vw                                       0x240001e0   Data           4  chassis.o(.data)
    raw_vx                                   0x240001e4   Data           2  chassis.o(.data)
    raw_vy                                   0x240001e6   Data           2  chassis.o(.data)
    raw_vw                                   0x240001e8   Data           2  chassis.o(.data)
    k                                        0x240001ec   Data           4  chassis.o(.data)
    usb_catch                                0x240001f0   Data           1  chassis.o(.data)
    is_homed                                 0x240001f1   Data           4  chassis.o(.data)
    chassis_is_ready                         0x240001f5   Data           1  chassis.o(.data)
    n                                        0x240001f8   Data           4  chassis.o(.data)
    motion_mode                              0x24000214   Data           1  motion_task.o(.data)
    control_mode                             0x24000215   Data           1  motion_task.o(.data)
    remote_mode                              0x24000216   Data           1  motion_task.o(.data)
    mode1                                    0x24000217   Data           1  motion_task.o(.data)
    a                                        0x24000218   Data           1  motion_task.o(.data)
    flag2                                    0x2400021c   Data           4  motion_task.o(.data)
    t                                        0x24000220   Data           4  motion_task.o(.data)
    RCctrl                                   0x24000224   Data          50  remote_control.o(.data)
    DM4310_1_P_pid_param                     0x24000258   Data          24  up.o(.data)
    DM4310_2_P_pid_param                     0x24000270   Data          24  up.o(.data)
    DM4310_3_P_pid_param                     0x24000288   Data          24  up.o(.data)
    DM4310_1_S_pid_param                     0x240002a0   Data          24  up.o(.data)
    DM4310_2_S_pid_param                     0x240002b8   Data          24  up.o(.data)
    DM4310_3_S_pid_param                     0x240002d0   Data          24  up.o(.data)
    DM2325_1_P_pid_param                     0x240002e8   Data          24  up.o(.data)
    DM2325_2_P_pid_param                     0x24000300   Data          24  up.o(.data)
    RightAndLeft                             0x24000318   Data           4  up.o(.data)
    UpAndDown                                0x2400031c   Data           4  up.o(.data)
    height                                   0x24000320   Data           4  up.o(.data)
    flag3                                    0x24000324   Data           4  up.o(.data)
    a1                                       0x24000328   Data           1  up.o(.data)
    v                                        0x2400032c   Data           4  up.o(.data)
    tar                                      0x24000330   Data           4  up.o(.data)
    Song                                     0x24000334   Data           1  buzzer.o(.data)
    MusicFlag1                               0x24000336   Data           2  buzzer.o(.data)
    MusicProcessLanTingxu                    0x24000338   Data           2  buzzer.o(.data)
    MusicProcessBirth                        0x2400033a   Data           2  buzzer.o(.data)
    MusicProcessYIJianMei                    0x2400033c   Data           2  buzzer.o(.data)
    Volume                                   0x24000340   Data           4  buzzer.o(.data)
    delay                                    0x24000344   Data           4  buzzer.o(.data)
    HS_Desc                                  0x24000348   Data          32  usbd_desc.o(.data)
    USBD_HS_DeviceDesc                       0x24000368   Data          18  usbd_desc.o(.data)
    USBD_HS_BOSDesc                          0x2400037c   Data          12  usbd_desc.o(.data)
    USBD_LangIDDesc                          0x24000388   Data           4  usbd_desc.o(.data)
    USBD_StringSerial                        0x2400038c   Data          26  usbd_desc.o(.data)
    USB_RxFlag                               0x240003a8   Data           1  usbd_cdc_if.o(.data)
    USB_Len                                  0x240003ac   Data           4  usbd_cdc_if.o(.data)
    USBD_Interface_fops_HS                   0x240003b0   Data          20  usbd_cdc_if.o(.data)
    USBD_CDC                                 0x240003d4   Data          56  usbd_cdc.o(.data)
    hfdcan1                                  0x24000458   Data         160  fdcan.o(.bss)
    hfdcan2                                  0x240004f8   Data         160  fdcan.o(.bss)
    hfdcan3                                  0x24000598   Data         160  fdcan.o(.bss)
    hspi6                                    0x24000638   Data         136  spi.o(.bss)
    hdma_spi6_tx                             0x240006c0   Data         120  spi.o(.bss)
    htim2                                    0x24000738   Data          76  tim.o(.bss)
    htim12                                   0x24000784   Data          76  tim.o(.bss)
    huart5                                   0x240007d0   Data         148  usart.o(.bss)
    huart8                                   0x24000864   Data         148  usart.o(.bss)
    huart1                                   0x240008f8   Data         148  usart.o(.bss)
    hdma_uart5_rx                            0x2400098c   Data         120  usart.o(.bss)
    hdma_usart1_rx                           0x24000a04   Data         120  usart.o(.bss)
    htim1                                    0x24000a7c   Data          76  stm32h7xx_hal_timebase_tim.o(.bss)
    xQueueRegistry                           0x24000ac8   Data          64  queue.o(.bss)
    can1_filter                              0x2400539c   Data          32  bsp_can.o(.bss)
    can2_filter                              0x240053bc   Data          32  bsp_can.o(.bss)
    can3_filter                              0x240053dc   Data          32  bsp_can.o(.bss)
    Chassis                                  0x240053fc   Data         120  chassis.o(.bss)
    ChassisD                                 0x24005474   Data         120  chassis.o(.bss)
    chassis_motor1                           0x240054ec   Data         412  chassis.o(.bss)
    chassis_motor2                           0x24005688   Data         412  chassis.o(.bss)
    chassis_motor3                           0x24005824   Data         412  chassis.o(.bss)
    chassis_motor4                           0x240059c0   Data         412  chassis.o(.bss)
    chassis_motor1D                          0x24005b5c   Data         412  chassis.o(.bss)
    chassis_motor2D                          0x24005cf8   Data         412  chassis.o(.bss)
    chassis_motor3D                          0x24005e94   Data         412  chassis.o(.bss)
    chassis_motor4D                          0x24006030   Data         412  chassis.o(.bss)
    target_angle_rad                         0x240061cc   Data          16  chassis.o(.bss)
    target_angle_rad_change                  0x240061dc   Data          16  chassis.o(.bss)
    current_angle_rad                        0x240061ec   Data          16  chassis.o(.bss)
    angle_diff                               0x240061fc   Data          16  chassis.o(.bss)
    target_speed                             0x2400620c   Data          16  chassis.o(.bss)
    target_spd_D                             0x2400621c   Data          16  chassis.o(.bss)
    SBUS_MultiRx_Buf                         0x2400622c   Data         100  remote_control.o(.bss)
    DM4310                                   0x24006290   Data        1032  up.o(.bss)
    DM4310_FOUR                              0x24006698   Data         552  up.o(.bss)
    DM2325                                   0x240068c0   Data         688  up.o(.bss)
    DM4310_FOUR_out                          0x24006b70   Data          16  up.o(.bss)
    hUsbDeviceHS                             0x24006b80   Data         732  usb_device.o(.bss)
    USBD_StrDesc                             0x24006e5c   Data         512  usbd_desc.o(.bss)
    USB_Buffer                               0x2400705c   Data          64  usbd_cdc_if.o(.bss)
    UserRxBufferHS                           0x2400709c   Data        2048  usbd_cdc_if.o(.bss)
    UserTxBufferHS                           0x2400789c   Data        2048  usbd_cdc_if.o(.bss)
    hpcd_USB_OTG_HS                          0x2400809c   Data        1252  usbd_conf.o(.bss)
    __initial_sp                             0x24008ba0   Data           0  startup_stm32h723xx.o(STACK)



==============================================================================

Memory Map of the image

  Image Entry point : 0x080002cd

  Load Region LR_IROM1 (Base: 0x08000000, Size: 0x00019294, Max: 0x00100000, ABSOLUTE, COMPRESSED[0x00018f90])

    Execution Region ER_IROM1 (Exec base: 0x08000000, Load base: 0x08000000, Size: 0x00018e3c, Max: 0x00100000, ABSOLUTE)

    Exec Addr    Load Addr    Size         Type   Attr      Idx    E Section Name        Object

    0x08000000   0x08000000   0x000002cc   Data   RO            3    RESET               startup_stm32h723xx.o
    0x080002cc   0x080002cc   0x00000000   Code   RO        10396  * .ARM.Collect$$$$00000000  mc_w.l(entry.o)
    0x080002cc   0x080002cc   0x00000004   Code   RO        10699    .ARM.Collect$$$$00000001  mc_w.l(entry2.o)
    0x080002d0   0x080002d0   0x00000004   Code   RO        10702    .ARM.Collect$$$$00000004  mc_w.l(entry5.o)
    0x080002d4   0x080002d4   0x00000000   Code   RO        10704    .ARM.Collect$$$$00000008  mc_w.l(entry7b.o)
    0x080002d4   0x080002d4   0x00000000   Code   RO        10706    .ARM.Collect$$$$0000000A  mc_w.l(entry8b.o)
    0x080002d4   0x080002d4   0x00000008   Code   RO        10707    .ARM.Collect$$$$0000000B  mc_w.l(entry9a.o)
    0x080002dc   0x080002dc   0x00000004   Code   RO        10714    .ARM.Collect$$$$0000000E  mc_w.l(entry12b.o)
    0x080002e0   0x080002e0   0x00000000   Code   RO        10709    .ARM.Collect$$$$0000000F  mc_w.l(entry10a.o)
    0x080002e0   0x080002e0   0x00000000   Code   RO        10711    .ARM.Collect$$$$00000011  mc_w.l(entry11a.o)
    0x080002e0   0x080002e0   0x00000004   Code   RO        10700    .ARM.Collect$$$$00002712  mc_w.l(entry2.o)
    0x080002e4   0x080002e4   0x000000be   Code   RO         8408    .emb_text           port.o
    0x080003a2   0x080003a2   0x00000002   PAD
    0x080003a4   0x080003a4   0x0000002c   Code   RO            4    .text               startup_stm32h723xx.o
    0x080003d0   0x080003d0   0x00000062   Code   RO        10399    .text               mc_w.l(uldiv.o)
    0x08000432   0x08000432   0x00000024   Code   RO        10401    .text               mc_w.l(memcpya.o)
    0x08000456   0x08000456   0x00000024   Code   RO        10405    .text               mc_w.l(memseta.o)
    0x0800047a   0x0800047a   0x0000001e   Code   RO        10718    .text               mc_w.l(llshl.o)
    0x08000498   0x08000498   0x00000020   Code   RO        10720    .text               mc_w.l(llushr.o)
    0x080004b8   0x080004b8   0x00000000   Code   RO        10729    .text               mc_w.l(iusefp.o)
    0x080004b8   0x080004b8   0x0000003c   Code   RO        10730    .text               mf_w.l(frnd.o)
    0x080004f4   0x080004f4   0x00000086   Code   RO        10738    .text               mf_w.l(drem.o)
    0x0800057a   0x0800057a   0x00000002   PAD
    0x0800057c   0x0800057c   0x00000024   Code   RO        10744    .text               mc_w.l(init.o)
    0x080005a0   0x080005a0   0x0000006e   Code   RO        10748    .text               mf_w.l(fepilogue.o)
    0x0800060e   0x0800060e   0x000000ba   Code   RO        10750    .text               mf_w.l(depilogue.o)
    0x080006c8   0x080006c8   0x00000056   Code   RO        10760    .text               mc_w.l(__dczerorl2.o)
    0x0800071e   0x0800071e   0x00000002   PAD
    0x08000720   0x08000720   0x00000010   Code   RO          670    i.BDMA_Channel0_IRQHandler  stm32h7xx_it.o
    0x08000730   0x08000730   0x00000034   Code   RO         8535    i.BSP_CAN_Init      bsp_can.o
    0x08000764   0x08000764   0x00000024   Code   RO         8488    i.BSP_USART_Init    bsp_uart.o
    0x08000788   0x08000788   0x0000000a   Code   RO         8912    i.BaseModule_ClearError  global.o
    0x08000792   0x08000792   0x00000006   Code   RO         8913    i.BaseModule_GetState  global.o
    0x08000798   0x08000798   0x0000000a   Code   RO         8914    i.BaseModule_Init   global.o
    0x080007a2   0x080007a2   0x00000006   Code   RO         8915    i.BaseModule_Run    global.o
    0x080007a8   0x080007a8   0x00000006   Code   RO         8916    i.BaseModule_Stop   global.o
    0x080007ae   0x080007ae   0x00000004   Code   RO          671    i.BusFault_Handler  stm32h7xx_it.o
    0x080007b2   0x080007b2   0x00000044   Code   RO         9641    i.CDC_Control_HS    usbd_cdc_if.o
    0x080007f6   0x080007f6   0x00000004   Code   RO         9642    i.CDC_DeInit_HS     usbd_cdc_if.o
    0x080007fa   0x080007fa   0x00000002   PAD
    0x080007fc   0x080007fc   0x00000024   Code   RO         9643    i.CDC_Init_HS       usbd_cdc_if.o
    0x08000820   0x08000820   0x00000040   Code   RO         9644    i.CDC_Receive_HS    usbd_cdc_if.o
    0x08000860   0x08000860   0x0000000c   Code   RO         9645    i.CDC_TransmitCplt_HS  usbd_cdc_if.o
    0x0800086c   0x0800086c   0x00000038   Code   RO         9646    i.CDC_Transmit_HS   usbd_cdc_if.o
    0x080008a4   0x080008a4   0x0000004e   Code   RO         8536    i.Can_Filter_Config  bsp_can.o
    0x080008f2   0x080008f2   0x00000002   PAD
    0x080008f4   0x080008f4   0x00000220   Code   RO         8618    i.Can_Task          can_task.o
    0x08000b14   0x08000b14   0x0000023c   Code   RO         9293    i.Catch             up.o
    0x08000d50   0x08000d50   0x00000794   Code   RO         8663    i.Chassis_Calc      chassis.o
    0x080014e4   0x080014e4   0x000001c0   Code   RO         8664    i.Chassis_Homing_Routine  chassis.o
    0x080016a4   0x080016a4   0x000001dc   Code   RO         9174    i.Chassis_Init      register.o
    0x08001880   0x08001880   0x00000024   Code   RO         8665    i.Chassis_Stop      chassis.o
    0x080018a4   0x080018a4   0x00000016   Code   RO         8763    i.DJIget_moto_offset  dji_motor.o
    0x080018ba   0x080018ba   0x000000a4   Code   RO         8764    i.DJIget_motor_measure  dji_motor.o
    0x0800195e   0x0800195e   0x00000002   PAD
    0x08001960   0x08001960   0x000000b0   Code   RO         8765    i.DJImotor_Create   dji_motor.o
    0x08001a10   0x08001a10   0x0000006e   Code   RO         8766    i.DJIset_motor_data  dji_motor.o
    0x08001a7e   0x08001a7e   0x00000002   PAD
    0x08001a80   0x08001a80   0x00000010   Code   RO          672    i.DMA1_Stream0_IRQHandler  stm32h7xx_it.o
    0x08001a90   0x08001a90   0x00000010   Code   RO          673    i.DMA1_Stream2_IRQHandler  stm32h7xx_it.o
    0x08001aa0   0x08001aa0   0x000000ec   Code   RO         3263    i.DMA_CalcBaseAndBitshift  stm32h7xx_hal_dma.o
    0x08001b8c   0x08001b8c   0x000000c4   Code   RO         3264    i.DMA_CalcDMAMUXChannelBaseAndMask  stm32h7xx_hal_dma.o
    0x08001c50   0x08001c50   0x00000098   Code   RO         3265    i.DMA_CalcDMAMUXRequestGenBaseAndMask  stm32h7xx_hal_dma.o
    0x08001ce8   0x08001ce8   0x000000ae   Code   RO         3266    i.DMA_CheckFifoParam  stm32h7xx_hal_dma.o
    0x08001d96   0x08001d96   0x00000002   PAD
    0x08001d98   0x08001d98   0x000000ec   Code   RO         3379    i.DMA_MultiBufferSetConfig  stm32h7xx_hal_dma_ex.o
    0x08001e84   0x08001e84   0x000000b8   Code   RO         8817    i.DM_Motor_CMD      dm_motor.o
    0x08001f3c   0x08001f3c   0x00000028   Code   RO         9294    i.DMdisable         up.o
    0x08001f64   0x08001f64   0x00000028   Code   RO         9295    i.DMenable          up.o
    0x08001f8c   0x08001f8c   0x00000014   Code   RO         8818    i.DMget_moto_offset_FOUR  dm_motor.o
    0x08001fa0   0x08001fa0   0x00000200   Code   RO         8819    i.DMget_motor_measure  dm_motor.o
    0x080021a0   0x080021a0   0x0000007c   Code   RO         8820    i.DMget_motor_measure_FOUR  dm_motor.o
    0x0800221c   0x0800221c   0x000000a0   Code   RO         8821    i.DMmotor_Create    dm_motor.o
    0x080022bc   0x080022bc   0x00000038   Code   RO         8822    i.DMmotor_Create_FOUR  dm_motor.o
    0x080022f4   0x080022f4   0x00000278   Code   RO         8823    i.DMset_mit_data    dm_motor.o
    0x0800256c   0x0800256c   0x0000006e   Code   RO         8824    i.DMset_motor_data_FOUR  dm_motor.o
    0x080025da   0x080025da   0x00000074   Code   RO         8825    i.DMset_posvel_data  dm_motor.o
    0x0800264e   0x0800264e   0x00000002   Code   RO          674    i.DebugMon_Handler  stm32h7xx_it.o
    0x08002650   0x08002650   0x0000000a   Code   RO          675    i.EXTI0_IRQHandler  stm32h7xx_it.o
    0x0800265a   0x0800265a   0x0000000c   Code   RO          676    i.EXTI15_10_IRQHandler  stm32h7xx_it.o
    0x08002666   0x08002666   0x0000000a   Code   RO          677    i.EXTI2_IRQHandler  stm32h7xx_it.o
    0x08002670   0x08002670   0x0000000c   Code   RO          678    i.EXTI9_5_IRQHandler  stm32h7xx_it.o
    0x0800267c   0x0800267c   0x00000006   Code   RO           13    i.Error_Handler     main.o
    0x08002682   0x08002682   0x00000002   PAD
    0x08002684   0x08002684   0x00000024   Code   RO         6562    i.ExitRun0Mode      system_stm32h7xx.o
    0x080026a8   0x080026a8   0x00000010   Code   RO          679    i.FDCAN1_IT0_IRQHandler  stm32h7xx_it.o
    0x080026b8   0x080026b8   0x00000010   Code   RO          680    i.FDCAN1_IT1_IRQHandler  stm32h7xx_it.o
    0x080026c8   0x080026c8   0x00000010   Code   RO          681    i.FDCAN2_IT0_IRQHandler  stm32h7xx_it.o
    0x080026d8   0x080026d8   0x00000010   Code   RO          682    i.FDCAN2_IT1_IRQHandler  stm32h7xx_it.o
    0x080026e8   0x080026e8   0x00000010   Code   RO          683    i.FDCAN3_IT0_IRQHandler  stm32h7xx_it.o
    0x080026f8   0x080026f8   0x00000010   Code   RO          684    i.FDCAN3_IT1_IRQHandler  stm32h7xx_it.o
    0x08002708   0x08002708   0x00000220   Code   RO         5062    i.FDCAN_CalculateRamBlockAddresses  stm32h7xx_hal_fdcan.o
    0x08002928   0x08002928   0x000000d0   Code   RO         5063    i.FDCAN_CopyMessageToRAM  stm32h7xx_hal_fdcan.o
    0x080029f8   0x080029f8   0x00000034   Code   RO         9548    i.Get_SerialNum     usbd_desc.o
    0x08002a2c   0x08002a2c   0x00000320   Code   RO         3386    i.HAL_DMAEx_MultiBufferStart  stm32h7xx_hal_dma_ex.o
    0x08002d4c   0x08002d4c   0x000004dc   Code   RO         3268    i.HAL_DMA_Abort     stm32h7xx_hal_dma.o
    0x08003228   0x08003228   0x00000398   Code   RO         3269    i.HAL_DMA_Abort_IT  stm32h7xx_hal_dma.o
    0x080035c0   0x080035c0   0x00000af8   Code   RO         3273    i.HAL_DMA_IRQHandler  stm32h7xx_hal_dma.o
    0x080040b8   0x080040b8   0x00000514   Code   RO         3274    i.HAL_DMA_Init      stm32h7xx_hal_dma.o
    0x080045cc   0x080045cc   0x00000028   Code   RO         4123    i.HAL_Delay         stm32h7xx_hal.o
    0x080045f4   0x080045f4   0x000000a8   Code   RO         5065    i.HAL_FDCAN_ActivateNotification  stm32h7xx_hal_fdcan.o
    0x0800469c   0x0800469c   0x00000090   Code   RO         5067    i.HAL_FDCAN_AddMessageToTxFifoQ  stm32h7xx_hal_fdcan.o
    0x0800472c   0x0800472c   0x00000002   Code   RO         5068    i.HAL_FDCAN_ClockCalibrationCallback  stm32h7xx_hal_fdcan.o
    0x0800472e   0x0800472e   0x0000006c   Code   RO         5071    i.HAL_FDCAN_ConfigFifoWatermark  stm32h7xx_hal_fdcan.o
    0x0800479a   0x0800479a   0x000000a8   Code   RO         5072    i.HAL_FDCAN_ConfigFilter  stm32h7xx_hal_fdcan.o
    0x08004842   0x08004842   0x00000034   Code   RO         5073    i.HAL_FDCAN_ConfigGlobalFilter  stm32h7xx_hal_fdcan.o
    0x08004876   0x08004876   0x00000002   Code   RO         5094    i.HAL_FDCAN_ErrorCallback  stm32h7xx_hal_fdcan.o
    0x08004878   0x08004878   0x00000002   Code   RO         5095    i.HAL_FDCAN_ErrorStatusCallback  stm32h7xx_hal_fdcan.o
    0x0800487a   0x0800487a   0x00000002   PAD
    0x0800487c   0x0800487c   0x00000210   Code   RO         5106    i.HAL_FDCAN_GetRxMessage  stm32h7xx_hal_fdcan.o
    0x08004a8c   0x08004a8c   0x00000002   Code   RO         5112    i.HAL_FDCAN_HighPriorityMessageCallback  stm32h7xx_hal_fdcan.o
    0x08004a8e   0x08004a8e   0x00000002   PAD
    0x08004a90   0x08004a90   0x000003d4   Code   RO         5113    i.HAL_FDCAN_IRQHandler  stm32h7xx_hal_fdcan.o
    0x08004e64   0x08004e64   0x000002e0   Code   RO         5114    i.HAL_FDCAN_Init    stm32h7xx_hal_fdcan.o
    0x08005144   0x08005144   0x0000023c   Code   RO          466    i.HAL_FDCAN_MspInit  fdcan.o
    0x08005380   0x08005380   0x00000002   Code   RO         5123    i.HAL_FDCAN_RxBufferNewMessageCallback  stm32h7xx_hal_fdcan.o
    0x08005382   0x08005382   0x00000002   PAD
    0x08005384   0x08005384   0x0000015c   Code   RO         8537    i.HAL_FDCAN_RxFifo0Callback  bsp_can.o
    0x080054e0   0x080054e0   0x00000002   Code   RO         5125    i.HAL_FDCAN_RxFifo1Callback  stm32h7xx_hal_fdcan.o
    0x080054e2   0x080054e2   0x00000034   Code   RO         5126    i.HAL_FDCAN_Start   stm32h7xx_hal_fdcan.o
    0x08005516   0x08005516   0x00000002   Code   RO         5148    i.HAL_FDCAN_TT_GlobalTimeCallback  stm32h7xx_hal_fdcan.o
    0x08005518   0x08005518   0x00000002   Code   RO         5149    i.HAL_FDCAN_TT_ScheduleSyncCallback  stm32h7xx_hal_fdcan.o
    0x0800551a   0x0800551a   0x00000002   Code   RO         5154    i.HAL_FDCAN_TT_StopWatchCallback  stm32h7xx_hal_fdcan.o
    0x0800551c   0x0800551c   0x00000002   Code   RO         5155    i.HAL_FDCAN_TT_TimeMarkCallback  stm32h7xx_hal_fdcan.o
    0x0800551e   0x0800551e   0x00000002   Code   RO         5156    i.HAL_FDCAN_TimeoutOccurredCallback  stm32h7xx_hal_fdcan.o
    0x08005520   0x08005520   0x00000002   Code   RO         5157    i.HAL_FDCAN_TimestampWraparoundCallback  stm32h7xx_hal_fdcan.o
    0x08005522   0x08005522   0x00000002   Code   RO         5158    i.HAL_FDCAN_TxBufferAbortCallback  stm32h7xx_hal_fdcan.o
    0x08005524   0x08005524   0x00000002   Code   RO         5159    i.HAL_FDCAN_TxBufferCompleteCallback  stm32h7xx_hal_fdcan.o
    0x08005526   0x08005526   0x00000002   Code   RO         5160    i.HAL_FDCAN_TxEventFifoCallback  stm32h7xx_hal_fdcan.o
    0x08005528   0x08005528   0x00000002   Code   RO         5161    i.HAL_FDCAN_TxFifoEmptyCallback  stm32h7xx_hal_fdcan.o
    0x0800552a   0x0800552a   0x00000002   PAD
    0x0800552c   0x0800552c   0x000000a0   Code   RO         8666    i.HAL_GPIO_EXTI_Callback  chassis.o
    0x080055cc   0x080055cc   0x0000001c   Code   RO         3115    i.HAL_GPIO_EXTI_IRQHandler  stm32h7xx_hal_gpio.o
    0x080055e8   0x080055e8   0x000001fc   Code   RO         3116    i.HAL_GPIO_Init     stm32h7xx_hal_gpio.o
    0x080057e4   0x080057e4   0x0000000c   Code   RO         3120    i.HAL_GPIO_WritePin  stm32h7xx_hal_gpio.o
    0x080057f0   0x080057f0   0x0000000c   Code   RO         4139    i.HAL_GetTick       stm32h7xx_hal.o
    0x080057fc   0x080057fc   0x00000018   Code   RO         4145    i.HAL_IncTick       stm32h7xx_hal.o
    0x08005814   0x08005814   0x00000060   Code   RO         4146    i.HAL_Init          stm32h7xx_hal.o
    0x08005874   0x08005874   0x00000094   Code   RO          878    i.HAL_InitTick      stm32h7xx_hal_timebase_tim.o
    0x08005908   0x08005908   0x0000005c   Code   RO         3959    i.HAL_MPU_ConfigRegion  stm32h7xx_hal_cortex.o
    0x08005964   0x08005964   0x00000020   Code   RO         3960    i.HAL_MPU_Disable   stm32h7xx_hal_cortex.o
    0x08005984   0x08005984   0x00000028   Code   RO         3962    i.HAL_MPU_Enable    stm32h7xx_hal_cortex.o
    0x080059ac   0x080059ac   0x00000030   Code   RO          854    i.HAL_MspInit       stm32h7xx_hal_msp.o
    0x080059dc   0x080059dc   0x00000028   Code   RO         3966    i.HAL_NVIC_EnableIRQ  stm32h7xx_hal_cortex.o
    0x08005a04   0x08005a04   0x0000007a   Code   RO         3972    i.HAL_NVIC_SetPriority  stm32h7xx_hal_cortex.o
    0x08005a7e   0x08005a7e   0x00000002   PAD
    0x08005a80   0x08005a80   0x00000028   Code   RO         3973    i.HAL_NVIC_SetPriorityGrouping  stm32h7xx_hal_cortex.o
    0x08005aa8   0x08005aa8   0x00000028   Code   RO         2185    i.HAL_PCDEx_ActivateLPM  stm32h7xx_hal_pcd_ex.o
    0x08005ad0   0x08005ad0   0x00000002   Code   RO         2190    i.HAL_PCDEx_LPM_Callback  stm32h7xx_hal_pcd_ex.o
    0x08005ad2   0x08005ad2   0x0000000a   Code   RO         2191    i.HAL_PCDEx_SetRxFiFo  stm32h7xx_hal_pcd_ex.o
    0x08005adc   0x08005adc   0x0000004e   Code   RO         2192    i.HAL_PCDEx_SetTxFiFo  stm32h7xx_hal_pcd_ex.o
    0x08005b2a   0x08005b2a   0x0000000e   Code   RO         9702    i.HAL_PCD_ConnectCallback  usbd_conf.o
    0x08005b38   0x08005b38   0x00000020   Code   RO         9703    i.HAL_PCD_DataInStageCallback  usbd_conf.o
    0x08005b58   0x08005b58   0x00000020   Code   RO         9704    i.HAL_PCD_DataOutStageCallback  usbd_conf.o
    0x08005b78   0x08005b78   0x0000000e   Code   RO         9705    i.HAL_PCD_DisconnectCallback  usbd_conf.o
    0x08005b86   0x08005b86   0x00000042   Code   RO         1956    i.HAL_PCD_EP_Abort  stm32h7xx_hal_pcd.o
    0x08005bc8   0x08005bc8   0x0000006a   Code   RO         1957    i.HAL_PCD_EP_Close  stm32h7xx_hal_pcd.o
    0x08005c32   0x08005c32   0x0000007c   Code   RO         1958    i.HAL_PCD_EP_ClrStall  stm32h7xx_hal_pcd.o
    0x08005cae   0x08005cae   0x00000016   Code   RO         1960    i.HAL_PCD_EP_GetRxCount  stm32h7xx_hal_pcd.o
    0x08005cc4   0x08005cc4   0x0000008e   Code   RO         1961    i.HAL_PCD_EP_Open   stm32h7xx_hal_pcd.o
    0x08005d52   0x08005d52   0x00000046   Code   RO         1962    i.HAL_PCD_EP_Receive  stm32h7xx_hal_pcd.o
    0x08005d98   0x08005d98   0x0000008a   Code   RO         1963    i.HAL_PCD_EP_SetStall  stm32h7xx_hal_pcd.o
    0x08005e22   0x08005e22   0x00000048   Code   RO         1964    i.HAL_PCD_EP_Transmit  stm32h7xx_hal_pcd.o
    0x08005e6a   0x08005e6a   0x00000736   Code   RO         1966    i.HAL_PCD_IRQHandler  stm32h7xx_hal_pcd.o
    0x080065a0   0x080065a0   0x00000012   Code   RO         9706    i.HAL_PCD_ISOINIncompleteCallback  usbd_conf.o
    0x080065b2   0x080065b2   0x00000012   Code   RO         9707    i.HAL_PCD_ISOOUTIncompleteCallback  usbd_conf.o
    0x080065c4   0x080065c4   0x0000015e   Code   RO         1969    i.HAL_PCD_Init      stm32h7xx_hal_pcd.o
    0x08006722   0x08006722   0x00000002   PAD
    0x08006724   0x08006724   0x00000070   Code   RO         9709    i.HAL_PCD_MspInit   usbd_conf.o
    0x08006794   0x08006794   0x00000030   Code   RO         9710    i.HAL_PCD_ResetCallback  usbd_conf.o
    0x080067c4   0x080067c4   0x0000000e   Code   RO         9711    i.HAL_PCD_ResumeCallback  usbd_conf.o
    0x080067d2   0x080067d2   0x0000000e   Code   RO         9712    i.HAL_PCD_SOFCallback  usbd_conf.o
    0x080067e0   0x080067e0   0x00000034   Code   RO         1975    i.HAL_PCD_SetAddress  stm32h7xx_hal_pcd.o
    0x08006814   0x08006814   0x00000012   Code   RO         9713    i.HAL_PCD_SetupStageCallback  usbd_conf.o
    0x08006826   0x08006826   0x0000004c   Code   RO         1978    i.HAL_PCD_Start     stm32h7xx_hal_pcd.o
    0x08006872   0x08006872   0x00000002   PAD
    0x08006874   0x08006874   0x00000034   Code   RO         9714    i.HAL_PCD_SuspendCallback  usbd_conf.o
    0x080068a8   0x080068a8   0x00000060   Code   RO         3717    i.HAL_PWREx_ConfigSupply  stm32h7xx_hal_pwr_ex.o
    0x08006908   0x08006908   0x00000014   Code   RO         3734    i.HAL_PWREx_EnableUSBVoltageDetector  stm32h7xx_hal_pwr_ex.o
    0x0800691c   0x0800691c   0x00000024   Code   RO         2659    i.HAL_RCCEx_GetD3PCLK1Freq  stm32h7xx_hal_rcc_ex.o
    0x08006940   0x08006940   0x00000230   Code   RO         2661    i.HAL_RCCEx_GetPLL2ClockFreq  stm32h7xx_hal_rcc_ex.o
    0x08006b70   0x08006b70   0x00000230   Code   RO         2662    i.HAL_RCCEx_GetPLL3ClockFreq  stm32h7xx_hal_rcc_ex.o
    0x08006da0   0x08006da0   0x00000cc8   Code   RO         2668    i.HAL_RCCEx_PeriphCLKConfig  stm32h7xx_hal_rcc_ex.o
    0x08007a68   0x08007a68   0x00000320   Code   RO         2544    i.HAL_RCC_ClockConfig  stm32h7xx_hal_rcc.o
    0x08007d88   0x08007d88   0x0000006c   Code   RO         2548    i.HAL_RCC_GetClockConfig  stm32h7xx_hal_rcc.o
    0x08007df4   0x08007df4   0x0000004c   Code   RO         2549    i.HAL_RCC_GetHCLKFreq  stm32h7xx_hal_rcc.o
    0x08007e40   0x08007e40   0x00000024   Code   RO         2551    i.HAL_RCC_GetPCLK1Freq  stm32h7xx_hal_rcc.o
    0x08007e64   0x08007e64   0x00000024   Code   RO         2552    i.HAL_RCC_GetPCLK2Freq  stm32h7xx_hal_rcc.o
    0x08007e88   0x08007e88   0x0000022c   Code   RO         2553    i.HAL_RCC_GetSysClockFreq  stm32h7xx_hal_rcc.o
    0x080080b4   0x080080b4   0x0000075c   Code   RO         2556    i.HAL_RCC_OscConfig  stm32h7xx_hal_rcc.o
    0x08008810   0x08008810   0x00000002   Code   RO         5687    i.HAL_SPI_ErrorCallback  stm32h7xx_hal_spi.o
    0x08008812   0x08008812   0x00000002   PAD
    0x08008814   0x08008814   0x00000294   Code   RO         5690    i.HAL_SPI_IRQHandler  stm32h7xx_hal_spi.o
    0x08008aa8   0x08008aa8   0x000001b0   Code   RO         5691    i.HAL_SPI_Init      stm32h7xx_hal_spi.o
    0x08008c58   0x08008c58   0x000000f4   Code   RO          521    i.HAL_SPI_MspInit   spi.o
    0x08008d4c   0x08008d4c   0x00000002   Code   RO         5697    i.HAL_SPI_RxCpltCallback  stm32h7xx_hal_spi.o
    0x08008d4e   0x08008d4e   0x00000002   Code   RO         5699    i.HAL_SPI_SuspendCallback  stm32h7xx_hal_spi.o
    0x08008d50   0x08008d50   0x000002b4   Code   RO         5700    i.HAL_SPI_Transmit  stm32h7xx_hal_spi.o
    0x08009004   0x08009004   0x00000002   Code   RO         5706    i.HAL_SPI_TxCpltCallback  stm32h7xx_hal_spi.o
    0x08009006   0x08009006   0x00000002   Code   RO         5708    i.HAL_SPI_TxRxCpltCallback  stm32h7xx_hal_spi.o
    0x08009008   0x08009008   0x00000002   Code   RO         1644    i.HAL_TIMEx_Break2Callback  stm32h7xx_hal_tim_ex.o
    0x0800900a   0x0800900a   0x00000002   Code   RO         1645    i.HAL_TIMEx_BreakCallback  stm32h7xx_hal_tim_ex.o
    0x0800900c   0x0800900c   0x00000002   Code   RO         1646    i.HAL_TIMEx_CommutCallback  stm32h7xx_hal_tim_ex.o
    0x0800900e   0x0800900e   0x00000002   PAD
    0x08009010   0x08009010   0x000000e4   Code   RO         1667    i.HAL_TIMEx_MasterConfigSynchronization  stm32h7xx_hal_tim_ex.o
    0x080090f4   0x080090f4   0x0000006e   Code   RO          919    i.HAL_TIM_Base_Init  stm32h7xx_hal_tim.o
    0x08009162   0x08009162   0x00000002   PAD
    0x08009164   0x08009164   0x00000078   Code   RO          563    i.HAL_TIM_Base_MspInit  tim.o
    0x080091dc   0x080091dc   0x000000cc   Code   RO          924    i.HAL_TIM_Base_Start_IT  stm32h7xx_hal_tim.o
    0x080092a8   0x080092a8   0x00000134   Code   RO          928    i.HAL_TIM_ConfigClockSource  stm32h7xx_hal_tim.o
    0x080093dc   0x080093dc   0x00000002   Code   RO          953    i.HAL_TIM_IC_CaptureCallback  stm32h7xx_hal_tim.o
    0x080093de   0x080093de   0x00000198   Code   RO          967    i.HAL_TIM_IRQHandler  stm32h7xx_hal_tim.o
    0x08009576   0x08009576   0x00000002   PAD
    0x08009578   0x08009578   0x00000060   Code   RO          564    i.HAL_TIM_MspPostInit  tim.o
    0x080095d8   0x080095d8   0x00000002   Code   RO          970    i.HAL_TIM_OC_DelayElapsedCallback  stm32h7xx_hal_tim.o
    0x080095da   0x080095da   0x00000170   Code   RO          991    i.HAL_TIM_PWM_ConfigChannel  stm32h7xx_hal_tim.o
    0x0800974a   0x0800974a   0x0000006e   Code   RO          994    i.HAL_TIM_PWM_Init  stm32h7xx_hal_tim.o
    0x080097b8   0x080097b8   0x00000002   Code   RO          996    i.HAL_TIM_PWM_MspInit  stm32h7xx_hal_tim.o
    0x080097ba   0x080097ba   0x00000002   Code   RO          997    i.HAL_TIM_PWM_PulseFinishedCallback  stm32h7xx_hal_tim.o
    0x080097bc   0x080097bc   0x0000017c   Code   RO          999    i.HAL_TIM_PWM_Start  stm32h7xx_hal_tim.o
    0x08009938   0x08009938   0x00000018   Code   RO           14    i.HAL_TIM_PeriodElapsedCallback  main.o
    0x08009950   0x08009950   0x00000002   Code   RO         1010    i.HAL_TIM_TriggerCallback  stm32h7xx_hal_tim.o
    0x08009952   0x08009952   0x0000004e   Code   RO         6439    i.HAL_UARTEx_DisableFifoMode  stm32h7xx_hal_uart_ex.o
    0x080099a0   0x080099a0   0x000005c0   Code   RO         8489    i.HAL_UARTEx_RxEventCallback  bsp_uart.o
    0x08009f60   0x08009f60   0x00000002   Code   RO         6447    i.HAL_UARTEx_RxFifoFullCallback  stm32h7xx_hal_uart_ex.o
    0x08009f62   0x08009f62   0x0000005e   Code   RO         6448    i.HAL_UARTEx_SetRxFifoThreshold  stm32h7xx_hal_uart_ex.o
    0x08009fc0   0x08009fc0   0x0000005e   Code   RO         6449    i.HAL_UARTEx_SetTxFifoThreshold  stm32h7xx_hal_uart_ex.o
    0x0800a01e   0x0800a01e   0x00000002   Code   RO         6451    i.HAL_UARTEx_TxFifoEmptyCallback  stm32h7xx_hal_uart_ex.o
    0x0800a020   0x0800a020   0x00000002   Code   RO         6452    i.HAL_UARTEx_WakeupCallback  stm32h7xx_hal_uart_ex.o
    0x0800a022   0x0800a022   0x00000002   Code   RO         6039    i.HAL_UART_ErrorCallback  stm32h7xx_hal_uart.o
    0x0800a024   0x0800a024   0x000004b6   Code   RO         6042    i.HAL_UART_IRQHandler  stm32h7xx_hal_uart.o
    0x0800a4da   0x0800a4da   0x00000078   Code   RO         6043    i.HAL_UART_Init     stm32h7xx_hal_uart.o
    0x0800a552   0x0800a552   0x00000002   PAD
    0x0800a554   0x0800a554   0x000002cc   Code   RO          617    i.HAL_UART_MspInit  usart.o
    0x0800a820   0x0800a820   0x00000002   Code   RO         6055    i.HAL_UART_TxCpltCallback  stm32h7xx_hal_uart.o
    0x0800a822   0x0800a822   0x00000004   Code   RO          685    i.HardFault_Handler  stm32h7xx_it.o
    0x0800a826   0x0800a826   0x00000032   Code   RO         7817    i.IRQ_Context       cmsis_os2.o
    0x0800a858   0x0800a858   0x0000003e   Code   RO         9549    i.IntToUnicode      usbd_desc.o
    0x0800a896   0x0800a896   0x00000002   PAD
    0x0800a898   0x0800a898   0x00003720   Code   RO         9418    i.LanTingXuSong     buzzer.o
    0x0800dfb8   0x0800dfb8   0x00000010   Code   RO         9374    i.LanTingXu_LightChange  ws2812.o
    0x0800dfc8   0x0800dfc8   0x00000056   Code   RO           15    i.MPU_Config        main.o
    0x0800e01e   0x0800e01e   0x00000002   PAD
    0x0800e020   0x0800e020   0x00000034   Code   RO          417    i.MX_BDMA_Init      bdma.o
    0x0800e054   0x0800e054   0x00000044   Code   RO          441    i.MX_DMA_Init       dma.o
    0x0800e098   0x0800e098   0x00000084   Code   RO          467    i.MX_FDCAN1_Init    fdcan.o
    0x0800e11c   0x0800e11c   0x00000084   Code   RO          468    i.MX_FDCAN2_Init    fdcan.o
    0x0800e1a0   0x0800e1a0   0x00000084   Code   RO          469    i.MX_FDCAN3_Init    fdcan.o
    0x0800e224   0x0800e224   0x00000054   Code   RO          357    i.MX_FREERTOS_Init  freertos.o
    0x0800e278   0x0800e278   0x00000170   Code   RO          332    i.MX_GPIO_Init      gpio.o
    0x0800e3e8   0x0800e3e8   0x00000064   Code   RO          522    i.MX_SPI6_Init      spi.o
    0x0800e44c   0x0800e44c   0x000000a4   Code   RO          565    i.MX_TIM12_Init     tim.o
    0x0800e4f0   0x0800e4f0   0x0000006c   Code   RO          566    i.MX_TIM2_Init      tim.o
    0x0800e55c   0x0800e55c   0x00000074   Code   RO          618    i.MX_UART5_Init     usart.o
    0x0800e5d0   0x0800e5d0   0x0000006c   Code   RO          619    i.MX_UART8_Init     usart.o
    0x0800e63c   0x0800e63c   0x00000070   Code   RO          620    i.MX_USART1_UART_Init  usart.o
    0x0800e6ac   0x0800e6ac   0x00000050   Code   RO         9513    i.MX_USB_DEVICE_Init  usb_device.o
    0x0800e6fc   0x0800e6fc   0x0000007c   Code   RO         9211    i.MYdata_convert    remote_control.o
    0x0800e778   0x0800e778   0x00000004   Code   RO          686    i.MemManage_Handler  stm32h7xx_it.o
    0x0800e77c   0x0800e77c   0x0000015c   Code   RO         9097    i.Motion_Task       motion_task.o
    0x0800e8d8   0x0800e8d8   0x00000070   Code   RO         9062    i.MotorModule_Create  motor.o
    0x0800e948   0x0800e948   0x00000012   Code   RO         9063    i.MotorModule_Init  motor.o
    0x0800e95a   0x0800e95a   0x00000004   Code   RO         9064    i.MotorModule_Run   motor.o
    0x0800e95e   0x0800e95e   0x00000002   PAD
    0x0800e960   0x0800e960   0x00000094   Code   RO         8767    i.Motor_PID_Calculate  dji_motor.o
    0x0800e9f4   0x0800e9f4   0x00000060   Code   RO         8826    i.Motor_PID_Calculate_FOUR  dm_motor.o
    0x0800ea54   0x0800ea54   0x00000004   Code   RO          687    i.NMI_Handler       stm32h7xx_it.o
    0x0800ea58   0x0800ea58   0x00000010   Code   RO          688    i.OTG_HS_IRQHandler  stm32h7xx_it.o
    0x0800ea68   0x0800ea68   0x00000014   Code   RO         9419    i.OneTime           buzzer.o
    0x0800ea7c   0x0800ea7c   0x00000064   Code   RO         1981    i.PCD_EP_OutSetupPacket_int  stm32h7xx_hal_pcd.o
    0x0800eae0   0x0800eae0   0x00000144   Code   RO         1982    i.PCD_EP_OutXfrComplete_int  stm32h7xx_hal_pcd.o
    0x0800ec24   0x0800ec24   0x000000b6   Code   RO         1983    i.PCD_WriteEmptyTxFifo  stm32h7xx_hal_pcd.o
    0x0800ecda   0x0800ecda   0x00000002   PAD
    0x0800ecdc   0x0800ecdc   0x00000038   Code   RO         9133    i.PID_Calc_Clear    pid.o
    0x0800ed14   0x0800ed14   0x00000030   Code   RO         9135    i.PID_Init          pid.o
    0x0800ed44   0x0800ed44   0x0000003a   Code   RO         9136    i.PID_Param_Init    pid.o
    0x0800ed7e   0x0800ed7e   0x00000002   PAD
    0x0800ed80   0x0800ed80   0x000004dc   Code   RO         8667    i.P_Chassis_Calc    chassis.o
    0x0800f25c   0x0800f25c   0x00000164   Code   RO         2671    i.RCCEx_PLL2_Config  stm32h7xx_hal_rcc_ex.o
    0x0800f3c0   0x0800f3c0   0x00000164   Code   RO         2672    i.RCCEx_PLL3_Config  stm32h7xx_hal_rcc_ex.o
    0x0800f524   0x0800f524   0x0000012e   Code   RO         9212    i.SBUS_TO_RC        remote_control.o
    0x0800f652   0x0800f652   0x00000002   PAD
    0x0800f654   0x0800f654   0x00000010   Code   RO          689    i.SPI6_IRQHandler   stm32h7xx_it.o
    0x0800f664   0x0800f664   0x000000d6   Code   RO         5711    i.SPI_CloseTransfer  stm32h7xx_hal_spi.o
    0x0800f73a   0x0800f73a   0x0000001c   Code   RO         5712    i.SPI_DMAAbortOnError  stm32h7xx_hal_spi.o
    0x0800f756   0x0800f756   0x0000001a   Code   RO         5722    i.SPI_GetPacketSize  stm32h7xx_hal_spi.o
    0x0800f770   0x0800f770   0x00000042   Code   RO         5729    i.SPI_WaitOnFlagUntilTimeout  stm32h7xx_hal_spi.o
    0x0800f7b2   0x0800f7b2   0x00000012   Code   RO        10079    i.SWAPBYTE          usbd_ctlreq.o
    0x0800f7c4   0x0800f7c4   0x0000000e   Code   RO          359    i.StartDefaultTask  freertos.o
    0x0800f7d2   0x0800f7d2   0x0000000e   Code   RO         9175    i.Structue_Init     register.o
    0x0800f7e0   0x0800f7e0   0x0000006e   Code   RO         9253    i.StructureModule_AddMotor  structure.o
    0x0800f84e   0x0800f84e   0x00000002   PAD
    0x0800f850   0x0800f850   0x00000058   Code   RO         9254    i.StructureModule_Create  structure.o
    0x0800f8a8   0x0800f8a8   0x00000012   Code   RO         9255    i.StructureModule_Init  structure.o
    0x0800f8ba   0x0800f8ba   0x0000000e   Code   RO         9256    i.StructureModule_Run  structure.o
    0x0800f8c8   0x0800f8c8   0x00000016   Code   RO         7821    i.SysTick_Handler   cmsis_os2.o
    0x0800f8de   0x0800f8de   0x00000002   PAD
    0x0800f8e0   0x0800f8e0   0x000000bc   Code   RO           16    i.SystemClock_Config  main.o
    0x0800f99c   0x0800f99c   0x0000010c   Code   RO         6564    i.SystemInit        system_stm32h7xx.o
    0x0800faa8   0x0800faa8   0x00000010   Code   RO          690    i.TIM1_UP_IRQHandler  stm32h7xx_it.o
    0x0800fab8   0x0800fab8   0x00000010   Code   RO          691    i.TIM2_IRQHandler   stm32h7xx_it.o
    0x0800fac8   0x0800fac8   0x00000010   Code   RO          692    i.TIM8_BRK_TIM12_IRQHandler  stm32h7xx_it.o
    0x0800fad8   0x0800fad8   0x000000e8   Code   RO         1012    i.TIM_Base_SetConfig  stm32h7xx_hal_tim.o
    0x0800fbc0   0x0800fbc0   0x00000022   Code   RO         1013    i.TIM_CCxChannelCmd  stm32h7xx_hal_tim.o
    0x0800fbe2   0x0800fbe2   0x00000016   Code   RO         1023    i.TIM_ETR_SetConfig  stm32h7xx_hal_tim.o
    0x0800fbf8   0x0800fbf8   0x00000018   Code   RO         1024    i.TIM_ITRx_SetConfig  stm32h7xx_hal_tim.o
    0x0800fc10   0x0800fc10   0x000000b0   Code   RO         1025    i.TIM_OC1_SetConfig  stm32h7xx_hal_tim.o
    0x0800fcc0   0x0800fcc0   0x000000b8   Code   RO         1026    i.TIM_OC2_SetConfig  stm32h7xx_hal_tim.o
    0x0800fd78   0x0800fd78   0x000000b8   Code   RO         1027    i.TIM_OC3_SetConfig  stm32h7xx_hal_tim.o
    0x0800fe30   0x0800fe30   0x00000074   Code   RO         1028    i.TIM_OC4_SetConfig  stm32h7xx_hal_tim.o
    0x0800fea4   0x0800fea4   0x00000070   Code   RO         1029    i.TIM_OC5_SetConfig  stm32h7xx_hal_tim.o
    0x0800ff14   0x0800ff14   0x00000070   Code   RO         1030    i.TIM_OC6_SetConfig  stm32h7xx_hal_tim.o
    0x0800ff84   0x0800ff84   0x0000006c   Code   RO         1032    i.TIM_TI1_ConfigInputStage  stm32h7xx_hal_tim.o
    0x0800fff0   0x0800fff0   0x0000006c   Code   RO         1034    i.TIM_TI2_ConfigInputStage  stm32h7xx_hal_tim.o
    0x0801005c   0x0801005c   0x00000010   Code   RO          693    i.UART5_IRQHandler  stm32h7xx_it.o
    0x0801006c   0x0801006c   0x00000010   Code   RO          694    i.UART8_IRQHandler  stm32h7xx_it.o
    0x0801007c   0x0801007c   0x00000058   Code   RO         6453    i.UARTEx_SetNbDataToProcess  stm32h7xx_hal_uart_ex.o
    0x080100d4   0x080100d4   0x000000f8   Code   RO         6057    i.UART_AdvFeatureConfig  stm32h7xx_hal_uart.o
    0x080101cc   0x080101cc   0x000000ea   Code   RO         6058    i.UART_CheckIdleState  stm32h7xx_hal_uart.o
    0x080102b6   0x080102b6   0x0000000e   Code   RO         6059    i.UART_DMAAbortOnError  stm32h7xx_hal_uart.o
    0x080102c4   0x080102c4   0x0000006c   Code   RO         6069    i.UART_EndRxTransfer  stm32h7xx_hal_uart.o
    0x08010330   0x08010330   0x00000030   Code   RO         6070    i.UART_EndTransmit_IT  stm32h7xx_hal_uart.o
    0x08010360   0x08010360   0x00000628   Code   RO         6076    i.UART_SetConfig    stm32h7xx_hal_uart.o
    0x08010988   0x08010988   0x000000ac   Code   RO         6083    i.UART_WaitOnFlagUntilTimeout  stm32h7xx_hal_uart.o
    0x08010a34   0x08010a34   0x00000010   Code   RO          695    i.USART1_IRQHandler  stm32h7xx_it.o
    0x08010a44   0x08010a44   0x00000048   Code   RO         8490    i.USART_RxDMA_MultiBufferStart  bsp_uart.o
    0x08010a8c   0x08010a8c   0x000000be   Code   RO        10250    i.USBD_CDC_DataIn   usbd_cdc.o
    0x08010b4a   0x08010b4a   0x00000048   Code   RO        10251    i.USBD_CDC_DataOut  usbd_cdc.o
    0x08010b92   0x08010b92   0x00000002   PAD
    0x08010b94   0x08010b94   0x000000d4   Code   RO        10252    i.USBD_CDC_DeInit   usbd_cdc.o
    0x08010c68   0x08010c68   0x00000050   Code   RO        10253    i.USBD_CDC_EP0_RxReady  usbd_cdc.o
    0x08010cb8   0x08010cb8   0x00000010   Code   RO        10254    i.USBD_CDC_GetDeviceQualifierDescriptor  usbd_cdc.o
    0x08010cc8   0x08010cc8   0x00000044   Code   RO        10255    i.USBD_CDC_GetFSCfgDesc  usbd_cdc.o
    0x08010d0c   0x08010d0c   0x00000048   Code   RO        10256    i.USBD_CDC_GetHSCfgDesc  usbd_cdc.o
    0x08010d54   0x08010d54   0x00000044   Code   RO        10257    i.USBD_CDC_GetOtherSpeedCfgDesc  usbd_cdc.o
    0x08010d98   0x08010d98   0x000001a0   Code   RO        10258    i.USBD_CDC_Init     usbd_cdc.o
    0x08010f38   0x08010f38   0x00000050   Code   RO        10259    i.USBD_CDC_ReceivePacket  usbd_cdc.o
    0x08010f88   0x08010f88   0x00000018   Code   RO        10260    i.USBD_CDC_RegisterInterface  usbd_cdc.o
    0x08010fa0   0x08010fa0   0x0000001e   Code   RO        10261    i.USBD_CDC_SetRxBuffer  usbd_cdc.o
    0x08010fbe   0x08010fbe   0x00000024   Code   RO        10262    i.USBD_CDC_SetTxBuffer  usbd_cdc.o
    0x08010fe2   0x08010fe2   0x00000140   Code   RO        10263    i.USBD_CDC_Setup    usbd_cdc.o
    0x08011122   0x08011122   0x00000002   PAD
    0x08011124   0x08011124   0x00000058   Code   RO        10264    i.USBD_CDC_TransmitPacket  usbd_cdc.o
    0x0801117c   0x0801117c   0x0000001c   Code   RO         9913    i.USBD_ClrClassConfig  usbd_core.o
    0x08011198   0x08011198   0x0000003e   Code   RO        10080    i.USBD_ClrFeature   usbd_ctlreq.o
    0x080111d6   0x080111d6   0x00000006   Code   RO         9914    i.USBD_CoreFindEP   usbd_core.o
    0x080111dc   0x080111dc   0x00000006   Code   RO         9915    i.USBD_CoreFindIF   usbd_core.o
    0x080111e2   0x080111e2   0x00000018   Code   RO        10186    i.USBD_CtlContinueRx  usbd_ioreq.o
    0x080111fa   0x080111fa   0x00000018   Code   RO        10187    i.USBD_CtlContinueSendData  usbd_ioreq.o
    0x08011212   0x08011212   0x00000018   Code   RO        10081    i.USBD_CtlError     usbd_ctlreq.o
    0x0801122a   0x0801122a   0x0000002e   Code   RO        10188    i.USBD_CtlPrepareRx  usbd_ioreq.o
    0x08011258   0x08011258   0x0000001a   Code   RO        10189    i.USBD_CtlReceiveStatus  usbd_ioreq.o
    0x08011272   0x08011272   0x00000024   Code   RO        10190    i.USBD_CtlSendData  usbd_ioreq.o
    0x08011296   0x08011296   0x0000001a   Code   RO        10191    i.USBD_CtlSendStatus  usbd_ioreq.o
    0x080112b0   0x080112b0   0x00000056   Code   RO        10082    i.USBD_GetConfig    usbd_ctlreq.o
    0x08011306   0x08011306   0x00000232   Code   RO        10083    i.USBD_GetDescriptor  usbd_ctlreq.o
    0x08011538   0x08011538   0x00000050   Code   RO         9917    i.USBD_GetEpDesc    usbd_core.o
    0x08011588   0x08011588   0x00000016   Code   RO        10084    i.USBD_GetLen       usbd_ctlreq.o
    0x0801159e   0x0801159e   0x00000014   Code   RO         9918    i.USBD_GetNextDesc  usbd_core.o
    0x080115b2   0x080115b2   0x0000005a   Code   RO        10085    i.USBD_GetStatus    usbd_ctlreq.o
    0x0801160c   0x0801160c   0x00000068   Code   RO        10086    i.USBD_GetString    usbd_ctlreq.o
    0x08011674   0x08011674   0x0000002c   Code   RO         9715    i.USBD_Get_USB_Status  usbd_conf.o
    0x080116a0   0x080116a0   0x00000034   Code   RO         9550    i.USBD_HS_ConfigStrDescriptor  usbd_desc.o
    0x080116d4   0x080116d4   0x00000010   Code   RO         9551    i.USBD_HS_DeviceDescriptor  usbd_desc.o
    0x080116e4   0x080116e4   0x00000038   Code   RO         9552    i.USBD_HS_InterfaceStrDescriptor  usbd_desc.o
    0x0801171c   0x0801171c   0x00000010   Code   RO         9553    i.USBD_HS_LangIDStrDescriptor  usbd_desc.o
    0x0801172c   0x0801172c   0x0000002c   Code   RO         9554    i.USBD_HS_ManufacturerStrDescriptor  usbd_desc.o
    0x08011758   0x08011758   0x00000040   Code   RO         9555    i.USBD_HS_ProductStrDescriptor  usbd_desc.o
    0x08011798   0x08011798   0x00000018   Code   RO         9556    i.USBD_HS_SerialStrDescriptor  usbd_desc.o
    0x080117b0   0x080117b0   0x0000003a   Code   RO         9919    i.USBD_Init         usbd_core.o
    0x080117ea   0x080117ea   0x00000026   Code   RO         9716    i.USBD_LL_ClearStallEP  usbd_conf.o
    0x08011810   0x08011810   0x00000026   Code   RO         9717    i.USBD_LL_CloseEP   usbd_conf.o
    0x08011836   0x08011836   0x00000110   Code   RO         9920    i.USBD_LL_DataInStage  usbd_core.o
    0x08011946   0x08011946   0x0000010a   Code   RO         9921    i.USBD_LL_DataOutStage  usbd_core.o
    0x08011a50   0x08011a50   0x00000006   Code   RO         9922    i.USBD_LL_DevConnected  usbd_core.o
    0x08011a56   0x08011a56   0x00000026   Code   RO         9923    i.USBD_LL_DevDisconnected  usbd_core.o
    0x08011a7c   0x08011a7c   0x00000012   Code   RO         9721    i.USBD_LL_GetRxDataSize  usbd_conf.o
    0x08011a8e   0x08011a8e   0x00000002   PAD
    0x08011a90   0x08011a90   0x00000070   Code   RO         9722    i.USBD_LL_Init      usbd_conf.o
    0x08011b00   0x08011b00   0x00000038   Code   RO         9723    i.USBD_LL_IsStallEP  usbd_conf.o
    0x08011b38   0x08011b38   0x00000048   Code   RO         9924    i.USBD_LL_IsoINIncomplete  usbd_core.o
    0x08011b80   0x08011b80   0x00000048   Code   RO         9925    i.USBD_LL_IsoOUTIncomplete  usbd_core.o
    0x08011bc8   0x08011bc8   0x00000030   Code   RO         9724    i.USBD_LL_OpenEP    usbd_conf.o
    0x08011bf8   0x08011bf8   0x00000030   Code   RO         9725    i.USBD_LL_PrepareReceive  usbd_conf.o
    0x08011c28   0x08011c28   0x0000006e   Code   RO         9926    i.USBD_LL_Reset     usbd_core.o
    0x08011c96   0x08011c96   0x00000016   Code   RO         9927    i.USBD_LL_Resume    usbd_core.o
    0x08011cac   0x08011cac   0x00000028   Code   RO         9928    i.USBD_LL_SOF       usbd_core.o
    0x08011cd4   0x08011cd4   0x00000008   Code   RO         9929    i.USBD_LL_SetSpeed  usbd_core.o
    0x08011cdc   0x08011cdc   0x00000026   Code   RO         9726    i.USBD_LL_SetUSBAddress  usbd_conf.o
    0x08011d02   0x08011d02   0x00000076   Code   RO         9930    i.USBD_LL_SetupStage  usbd_core.o
    0x08011d78   0x08011d78   0x00000026   Code   RO         9727    i.USBD_LL_StallEP   usbd_conf.o
    0x08011d9e   0x08011d9e   0x0000001e   Code   RO         9728    i.USBD_LL_Start     usbd_conf.o
    0x08011dbc   0x08011dbc   0x0000001c   Code   RO         9931    i.USBD_LL_Suspend   usbd_core.o
    0x08011dd8   0x08011dd8   0x00000030   Code   RO         9730    i.USBD_LL_Transmit  usbd_conf.o
    0x08011e08   0x08011e08   0x00000036   Code   RO        10087    i.USBD_ParseSetupRequest  usbd_ctlreq.o
    0x08011e3e   0x08011e3e   0x00000048   Code   RO         9932    i.USBD_RegisterClass  usbd_core.o
    0x08011e86   0x08011e86   0x00000006   Code   RO         9933    i.USBD_RunTestMode  usbd_core.o
    0x08011e8c   0x08011e8c   0x0000005a   Code   RO        10088    i.USBD_SetAddress   usbd_ctlreq.o
    0x08011ee6   0x08011ee6   0x00000020   Code   RO         9934    i.USBD_SetClassConfig  usbd_core.o
    0x08011f06   0x08011f06   0x00000002   PAD
    0x08011f08   0x08011f08   0x00000104   Code   RO        10089    i.USBD_SetConfig    usbd_ctlreq.o
    0x0801200c   0x0801200c   0x00000038   Code   RO        10090    i.USBD_SetFeature   usbd_ctlreq.o
    0x08012044   0x08012044   0x0000000c   Code   RO         9935    i.USBD_Start        usbd_core.o
    0x08012050   0x08012050   0x000000ae   Code   RO        10091    i.USBD_StdDevReq    usbd_ctlreq.o
    0x080120fe   0x080120fe   0x00000284   Code   RO        10092    i.USBD_StdEPReq     usbd_ctlreq.o
    0x08012382   0x08012382   0x000000ae   Code   RO        10093    i.USBD_StdItfReq    usbd_ctlreq.o
    0x08012430   0x08012430   0x00000002   Code   RO         9731    i.USBD_static_free  usbd_conf.o
    0x08012432   0x08012432   0x00000002   PAD
    0x08012434   0x08012434   0x0000000c   Code   RO         9732    i.USBD_static_malloc  usbd_conf.o
    0x08012440   0x08012440   0x000000d0   Code   RO         2257    i.USB_ActivateEndpoint  stm32h7xx_ll_usb.o
    0x08012510   0x08012510   0x00000028   Code   RO         2259    i.USB_ActivateSetup  stm32h7xx_ll_usb.o
    0x08012538   0x08012538   0x000000a8   Code   RO         2261    i.USB_CoreInit      stm32h7xx_ll_usb.o
    0x080125e0   0x080125e0   0x00000062   Code   RO         2262    i.USB_CoreReset     stm32h7xx_ll_usb.o
    0x08012642   0x08012642   0x00000002   PAD
    0x08012644   0x08012644   0x0000014c   Code   RO         2265    i.USB_DeactivateEndpoint  stm32h7xx_ll_usb.o
    0x08012790   0x08012790   0x00000024   Code   RO         2266    i.USB_DevConnect    stm32h7xx_ll_usb.o
    0x080127b4   0x080127b4   0x00000024   Code   RO         2267    i.USB_DevDisconnect  stm32h7xx_ll_usb.o
    0x080127d8   0x080127d8   0x000001e0   Code   RO         2268    i.USB_DevInit       stm32h7xx_ll_usb.o
    0x080129b8   0x080129b8   0x0000000e   Code   RO         2269    i.USB_DisableGlobalInt  stm32h7xx_ll_usb.o
    0x080129c6   0x080129c6   0x00000002   PAD
    0x080129c8   0x080129c8   0x00000070   Code   RO         2272    i.USB_EP0_OutStart  stm32h7xx_ll_usb.o
    0x08012a38   0x08012a38   0x0000008e   Code   RO         2273    i.USB_EPClearStall  stm32h7xx_ll_usb.o
    0x08012ac6   0x08012ac6   0x0000009a   Code   RO         2274    i.USB_EPSetStall    stm32h7xx_ll_usb.o
    0x08012b60   0x08012b60   0x000003c0   Code   RO         2275    i.USB_EPStartXfer   stm32h7xx_ll_usb.o
    0x08012f20   0x08012f20   0x00000174   Code   RO         2276    i.USB_EPStopXfer    stm32h7xx_ll_usb.o
    0x08013094   0x08013094   0x0000000e   Code   RO         2277    i.USB_EnableGlobalInt  stm32h7xx_ll_usb.o
    0x080130a2   0x080130a2   0x00000050   Code   RO         2278    i.USB_FlushRxFifo   stm32h7xx_ll_usb.o
    0x080130f2   0x080130f2   0x00000054   Code   RO         2279    i.USB_FlushTxFifo   stm32h7xx_ll_usb.o
    0x08013146   0x08013146   0x00000026   Code   RO         2281    i.USB_GetDevSpeed   stm32h7xx_ll_usb.o
    0x0801316c   0x0801316c   0x0000000a   Code   RO         2283    i.USB_GetMode       stm32h7xx_ll_usb.o
    0x08013176   0x08013176   0x00000014   Code   RO         2287    i.USB_ReadDevAllInEpInterrupt  stm32h7xx_ll_usb.o
    0x0801318a   0x0801318a   0x00000014   Code   RO         2288    i.USB_ReadDevAllOutEpInterrupt  stm32h7xx_ll_usb.o
    0x0801319e   0x0801319e   0x00000032   Code   RO         2289    i.USB_ReadDevInEPInterrupt  stm32h7xx_ll_usb.o
    0x080131d0   0x080131d0   0x0000001a   Code   RO         2290    i.USB_ReadDevOutEPInterrupt  stm32h7xx_ll_usb.o
    0x080131ea   0x080131ea   0x0000000a   Code   RO         2291    i.USB_ReadInterrupts  stm32h7xx_ll_usb.o
    0x080131f4   0x080131f4   0x00000060   Code   RO         2292    i.USB_ReadPacket    stm32h7xx_ll_usb.o
    0x08013254   0x08013254   0x00000068   Code   RO         2294    i.USB_SetCurrentMode  stm32h7xx_ll_usb.o
    0x080132bc   0x080132bc   0x0000002a   Code   RO         2295    i.USB_SetDevAddress  stm32h7xx_ll_usb.o
    0x080132e6   0x080132e6   0x00000012   Code   RO         2296    i.USB_SetDevSpeed   stm32h7xx_ll_usb.o
    0x080132f8   0x080132f8   0x000000e8   Code   RO         2297    i.USB_SetTurnaroundTime  stm32h7xx_ll_usb.o
    0x080133e0   0x080133e0   0x00000044   Code   RO         2300    i.USB_WritePacket   stm32h7xx_ll_usb.o
    0x08013424   0x08013424   0x00000084   Code   RO         9296    i.Upbabyup          up.o
    0x080134a8   0x080134a8   0x00000004   Code   RO          696    i.UsageFault_Handler  stm32h7xx_it.o
    0x080134ac   0x080134ac   0x00000084   Code   RO         9375    i.WS2812_Ctrl       ws2812.o
    0x08013530   0x08013530   0x00002e2c   Code   RO         9420    i.YiJianMeiSong     buzzer.o
    0x0801635c   0x0801635c   0x00000026   Code   RO        10683    i.__ARM_fpclassifyf  m_wv.l(fpclassifyf.o)
    0x08016382   0x08016382   0x00000002   PAD
    0x08016384   0x08016384   0x00000010   Code   RO         3979    i.__NVIC_GetPriorityGrouping  stm32h7xx_hal_cortex.o
    0x08016394   0x08016394   0x00000028   Code   RO         3980    i.__NVIC_SetPriority  stm32h7xx_hal_cortex.o
    0x080163bc   0x080163bc   0x000002b4   Code   RO        10356    i.__hardfp_atan2f   m_wv.l(atan2f.o)
    0x08016670   0x08016670   0x000000fc   Code   RO        10368    i.__hardfp_fmod     m_wv.l(fmod.o)
    0x0801676c   0x0801676c   0x000000a0   Code   RO        10392    i.__hardfp_roundf   m_wv.l(roundf.o)
    0x0801680c   0x0801680c   0x0000003a   Code   RO        10380    i.__hardfp_sqrtf    m_wv.l(sqrtf.o)
    0x08016846   0x08016846   0x00000002   PAD
    0x08016848   0x08016848   0x00000018   Code   RO        10672    i.__mathlib_dbl_invalid  m_wv.l(dunder.o)
    0x08016860   0x08016860   0x00000006   Code   RO        10687    i.__mathlib_flt_infnan2  m_wv.l(funder.o)
    0x08016866   0x08016866   0x00000002   PAD
    0x08016868   0x08016868   0x00000010   Code   RO        10691    i.__mathlib_flt_underflow  m_wv.l(funder.o)
    0x08016878   0x08016878   0x0000000e   Code   RO        10754    i.__scatterload_copy  mc_w.l(handlers.o)
    0x08016886   0x08016886   0x00000002   Code   RO        10755    i.__scatterload_null  mc_w.l(handlers.o)
    0x08016888   0x08016888   0x0000000e   Code   RO        10756    i.__scatterload_zeroinit  mc_w.l(handlers.o)
    0x08016896   0x08016896   0x00000002   PAD
    0x08016898   0x08016898   0x0000000c   Code   RO        10724    i.__set_errno       mc_w.l(errno.o)
    0x080168a4   0x080168a4   0x000000ac   Code   RO         9213    i.data_convert      remote_control.o
    0x08016950   0x08016950   0x00000258   Code   RO         9137    i.f_PID_Calculate   pid.o
    0x08016ba8   0x08016ba8   0x00000034   Code   RO         8827    i.float_to_uint     dm_motor.o
    0x08016bdc   0x08016bdc   0x0000008c   Code   RO           17    i.main              main.o
    0x08016c68   0x08016c68   0x0000001e   Code   RO         7823    i.osDelay           cmsis_os2.o
    0x08016c86   0x08016c86   0x00000002   PAD
    0x08016c88   0x08016c88   0x00000034   Code   RO         7837    i.osKernelInitialize  cmsis_os2.o
    0x08016cbc   0x08016cbc   0x00000068   Code   RO         7840    i.osKernelStart     cmsis_os2.o
    0x08016d24   0x08016d24   0x000000b8   Code   RO         7882    i.osThreadNew       cmsis_os2.o
    0x08016ddc   0x08016ddc   0x000000a8   Code   RO         7237    i.prvAddCurrentTaskToDelayedList  tasks.o
    0x08016e84   0x08016e84   0x000000f4   Code   RO         7238    i.prvAddNewTaskToReadyList  tasks.o
    0x08016f78   0x08016f78   0x00000074   Code   RO         7619    i.prvCheckForValidListAndQueue  timers.o
    0x08016fec   0x08016fec   0x00000048   Code   RO         7239    i.prvCheckTasksWaitingTermination  tasks.o
    0x08017034   0x08017034   0x0000002a   Code   RO         6800    i.prvCopyDataFromQueue  queue.o
    0x0801705e   0x0801705e   0x00000050   Code   RO         7240    i.prvDeleteTCB      tasks.o
    0x080170ae   0x080170ae   0x00000002   PAD
    0x080170b0   0x080170b0   0x00000028   Code   RO         7620    i.prvGetNextExpireTime  timers.o
    0x080170d8   0x080170d8   0x00000070   Code   RO         8347    i.prvHeapInit       heap_4.o
    0x08017148   0x08017148   0x00000028   Code   RO         7241    i.prvIdleTask       tasks.o
    0x08017170   0x08017170   0x0000002a   Code   RO         6804    i.prvInitialiseNewQueue  queue.o
    0x0801719a   0x0801719a   0x000000cc   Code   RO         7242    i.prvInitialiseNewTask  tasks.o
    0x08017266   0x08017266   0x00000002   PAD
    0x08017268   0x08017268   0x00000068   Code   RO         7243    i.prvInitialiseTaskLists  tasks.o
    0x080172d0   0x080172d0   0x00000068   Code   RO         8348    i.prvInsertBlockIntoFreeList  heap_4.o
    0x08017338   0x08017338   0x00000058   Code   RO         7622    i.prvInsertTimerInActiveList  timers.o
    0x08017390   0x08017390   0x0000001a   Code   RO         6805    i.prvIsQueueEmpty   queue.o
    0x080173aa   0x080173aa   0x00000002   PAD
    0x080173ac   0x080173ac   0x00000044   Code   RO         7623    i.prvProcessExpiredTimer  timers.o
    0x080173f0   0x080173f0   0x0000014c   Code   RO         7624    i.prvProcessReceivedCommands  timers.o
    0x0801753c   0x0801753c   0x00000074   Code   RO         7625    i.prvProcessTimerOrBlockTask  timers.o
    0x080175b0   0x080175b0   0x00000028   Code   RO         7626    i.prvReloadTimer    timers.o
    0x080175d8   0x080175d8   0x00000030   Code   RO         7245    i.prvResetNextTaskUnblockTime  tasks.o
    0x08017608   0x08017608   0x0000002c   Code   RO         7627    i.prvSampleTimeNow  timers.o
    0x08017634   0x08017634   0x00000044   Code   RO         7628    i.prvSwitchTimerLists  timers.o
    0x08017678   0x08017678   0x00000040   Code   RO         8409    i.prvTaskExitError  port.o
    0x080176b8   0x080176b8   0x0000001a   Code   RO         7629    i.prvTimerTask      timers.o
    0x080176d2   0x080176d2   0x0000007e   Code   RO         6807    i.prvUnlockQueue    queue.o
    0x08017750   0x08017750   0x00000148   Code   RO         8350    i.pvPortMalloc      heap_4.o
    0x08017898   0x08017898   0x0000002c   Code   RO         8410    i.pxPortInitialiseStack  port.o
    0x080178c4   0x080178c4   0x000000d8   Code   RO         8668    i.runbabyrun        chassis.o
    0x0801799c   0x0801799c   0x00000060   Code   RO         8828    i.save_pos_zero     dm_motor.o
    0x080179fc   0x080179fc   0x00000034   Code   RO         8829    i.uint_to_float     dm_motor.o
    0x08017a30   0x08017a30   0x000000f0   Code   RO         9176    i.up_Init           register.o
    0x08017b20   0x08017b20   0x00000104   Code   RO         8669    i.usbdata_get       chassis.o
    0x08017c24   0x08017c24   0x00000028   Code   RO         6760    i.uxListRemove      list.o
    0x08017c4c   0x08017c4c   0x00000018   Code   RO         7894    i.vApplicationGetIdleTaskMemory  cmsis_os2.o
    0x08017c64   0x08017c64   0x00000018   Code   RO         7895    i.vApplicationGetTimerTaskMemory  cmsis_os2.o
    0x08017c7c   0x08017c7c   0x0000001a   Code   RO         6761    i.vListInitialise   list.o
    0x08017c96   0x08017c96   0x00000006   Code   RO         6762    i.vListInitialiseItem  list.o
    0x08017c9c   0x08017c9c   0x00000034   Code   RO         6763    i.vListInsert       list.o
    0x08017cd0   0x08017cd0   0x00000054   Code   RO         8412    i.vPortEnterCritical  port.o
    0x08017d24   0x08017d24   0x0000003c   Code   RO         8413    i.vPortExitCritical  port.o
    0x08017d60   0x08017d60   0x0000008c   Code   RO         8351    i.vPortFree         heap_4.o
    0x08017dec   0x08017dec   0x00000028   Code   RO         8414    i.vPortSetupTimerInterrupt  port.o
    0x08017e14   0x08017e14   0x00000060   Code   RO         6815    i.vQueueAddToRegistry  queue.o
    0x08017e74   0x08017e74   0x0000004a   Code   RO         6819    i.vQueueWaitForMessageRestricted  queue.o
    0x08017ebe   0x08017ebe   0x00000002   PAD
    0x08017ec0   0x08017ec0   0x0000005c   Code   RO         7258    i.vTaskDelay        tasks.o
    0x08017f1c   0x08017f1c   0x00000018   Code   RO         7263    i.vTaskInternalSetTimeOutState  tasks.o
    0x08017f34   0x08017f34   0x0000000c   Code   RO         7264    i.vTaskMissedYield  tasks.o
    0x08017f40   0x08017f40   0x00000038   Code   RO         7265    i.vTaskPlaceOnEventList  tasks.o
    0x08017f78   0x08017f78   0x00000068   Code   RO         7266    i.vTaskPlaceOnEventListRestricted  tasks.o
    0x08017fe0   0x08017fe0   0x000000c0   Code   RO         7274    i.vTaskStartScheduler  tasks.o
    0x080180a0   0x080180a0   0x00000010   Code   RO         7276    i.vTaskSuspendAll   tasks.o
    0x080180b0   0x080180b0   0x00000094   Code   RO         7277    i.vTaskSwitchContext  tasks.o
    0x08018144   0x08018144   0x00000168   Code   RO         8416    i.xPortStartScheduler  port.o
    0x080182ac   0x080182ac   0x00000034   Code   RO         8417    i.xPortSysTickHandler  port.o
    0x080182e0   0x080182e0   0x0000009a   Code   RO         6825    i.xQueueGenericCreateStatic  queue.o
    0x0801837a   0x0801837a   0x00000002   PAD
    0x0801837c   0x0801837c   0x000000dc   Code   RO         6827    i.xQueueGenericReset  queue.o
    0x08018458   0x08018458   0x00000168   Code   RO         6838    i.xQueueReceive     queue.o
    0x080185c0   0x080185c0   0x00000090   Code   RO         7279    i.xTaskCheckForTimeOut  tasks.o
    0x08018650   0x08018650   0x0000006c   Code   RO         7280    i.xTaskCreate       tasks.o
    0x080186bc   0x080186bc   0x000000c2   Code   RO         7281    i.xTaskCreateStatic  tasks.o
    0x0801877e   0x0801877e   0x00000002   PAD
    0x08018780   0x08018780   0x00000020   Code   RO         7288    i.xTaskGetSchedulerState  tasks.o
    0x080187a0   0x080187a0   0x0000000c   Code   RO         7290    i.xTaskGetTickCount  tasks.o
    0x080187ac   0x080187ac   0x000001cc   Code   RO         7292    i.xTaskIncrementTick  tasks.o
    0x08018978   0x08018978   0x00000134   Code   RO         7295    i.xTaskRemoveFromEventList  tasks.o
    0x08018aac   0x08018aac   0x00000190   Code   RO         7296    i.xTaskResumeAll    tasks.o
    0x08018c3c   0x08018c3c   0x00000078   Code   RO         7638    i.xTimerCreateTimerTask  timers.o
    0x08018cb4   0x08018cb4   0x0000006c   Data   RO          360    .constdata          freertos.o
    0x08018d20   0x08018d20   0x00000008   Data   RO         3280    .constdata          stm32h7xx_hal_dma.o
    0x08018d28   0x08018d28   0x0000005c   Data   RO         5162    .constdata          stm32h7xx_hal_fdcan.o
    0x08018d84   0x08018d84   0x00000018   Data   RO         6084    .constdata          stm32h7xx_hal_uart.o
    0x08018d9c   0x08018d9c   0x00000010   Data   RO         6455    .constdata          stm32h7xx_hal_uart_ex.o
    0x08018dac   0x08018dac   0x00000010   Data   RO         6565    .constdata          system_stm32h7xx.o
    0x08018dbc   0x08018dbc   0x00000040   Data   RO         8671    .constdata          chassis.o
    0x08018dfc   0x08018dfc   0x00000020   Data   RO          361    .conststring        freertos.o
    0x08018e1c   0x08018e1c   0x00000020   Data   RO        10752    Region$$Table       anon$$obj.o


    Execution Region RW_IRAM1 (Exec base: 0x20000000, Load base: 0x08018e3c, Size: 0x00000000, Max: 0x00020000, ABSOLUTE)

    **** No section assigned to this execution region ****


    Execution Region RW_IRAM2 (Exec base: 0x24000000, Load base: 0x08018e3c, Size: 0x00008ba0, Max: 0x00050000, ABSOLUTE, COMPRESSED[0x00000154])

    Exec Addr    Load Addr    Size         Type   Attr      Idx    E Section Name        Object

    0x24000000   COMPRESSED   0x0000000c   Data   RW          362    .data               freertos.o
    0x2400000c   COMPRESSED   0x00000004   Data   RW          471    .data               fdcan.o
    0x24000010   COMPRESSED   0x00000009   Data   RW         4170    .data               stm32h7xx_hal.o
    0x24000019   COMPRESSED   0x00000003   PAD
    0x2400001c   COMPRESSED   0x00000008   Data   RW         6566    .data               system_stm32h7xx.o
    0x24000024   COMPRESSED   0x00000040   Data   RW         7299    .data               tasks.o
    0x24000064   COMPRESSED   0x00000014   Data   RW         7649    .data               timers.o
    0x24000078   COMPRESSED   0x00000004   Data   RW         7897    .data               cmsis_os2.o
    0x2400007c   COMPRESSED   0x0000001c   Data   RW         8357    .data               heap_4.o
    0x24000098   COMPRESSED   0x0000000c   Data   RW         8418    .data               port.o
    0x240000a4   COMPRESSED   0x00000008   Data   RW         8540    .data               bsp_can.o
    0x240000ac   COMPRESSED   0x00000009   Data   RW         8619    .data               can_task.o
    0x240000b5   COMPRESSED   0x00000003   PAD
    0x240000b8   COMPRESSED   0x00000144   Data   RW         8672    .data               chassis.o
    0x240001fc   COMPRESSED   0x00000004   Data   RW         8768    .data               dji_motor.o
    0x24000200   COMPRESSED   0x00000014   Data   RW         8830    .data               dm_motor.o
    0x24000214   COMPRESSED   0x00000010   Data   RW         9098    .data               motion_task.o
    0x24000224   COMPRESSED   0x00000032   Data   RW         9215    .data               remote_control.o
    0x24000256   COMPRESSED   0x00000002   PAD
    0x24000258   COMPRESSED   0x000000dc   Data   RW         9298    .data               up.o
    0x24000334   COMPRESSED   0x00000014   Data   RW         9421    .data               buzzer.o
    0x24000348   COMPRESSED   0x0000005e   Data   RW         9559    .data               usbd_desc.o
    0x240003a6   COMPRESSED   0x00000002   PAD
    0x240003a8   COMPRESSED   0x0000001c   Data   RW         9648    .data               usbd_cdc_if.o
    0x240003c4   COMPRESSED   0x00000001   Data   RW        10094    .data               usbd_ctlreq.o
    0x240003c5   COMPRESSED   0x00000003   PAD
    0x240003c8   COMPRESSED   0x0000008a   Data   RW        10265    .data               usbd_cdc.o
    0x24000452   COMPRESSED   0x00000002   PAD
    0x24000454   COMPRESSED   0x00000004   Data   RW        10725    .data               mc_w.l(errno.o)
    0x24000458        -       0x000001e0   Zero   RW          470    .bss                fdcan.o
    0x24000638        -       0x00000100   Zero   RW          523    .bss                spi.o
    0x24000738        -       0x00000098   Zero   RW          567    .bss                tim.o
    0x240007d0        -       0x000002ac   Zero   RW          621    .bss                usart.o
    0x24000a7c        -       0x0000004c   Zero   RW          881    .bss                stm32h7xx_hal_timebase_tim.o
    0x24000ac8        -       0x00000040   Zero   RW         6842    .bss                queue.o
    0x24000b08        -       0x000004c4   Zero   RW         7298    .bss                tasks.o
    0x24000fcc        -       0x00000118   Zero   RW         7648    .bss                timers.o
    0x240010e4        -       0x000006b8   Zero   RW         7896    .bss                cmsis_os2.o
    0x2400179c        -       0x00003c00   Zero   RW         8356    .bss                heap_4.o
    0x2400539c        -       0x00000060   Zero   RW         8539    .bss                bsp_can.o
    0x240053fc        -       0x00000e30   Zero   RW         8670    .bss                chassis.o
    0x2400622c        -       0x00000064   Zero   RW         9214    .bss                remote_control.o
    0x24006290        -       0x000008f0   Zero   RW         9297    .bss                up.o
    0x24006b80        -       0x000002dc   Zero   RW         9514    .bss                usb_device.o
    0x24006e5c        -       0x00000200   Zero   RW         9558    .bss                usbd_desc.o
    0x2400705c        -       0x00001040   Zero   RW         9647    .bss                usbd_cdc_if.o
    0x2400809c        -       0x00000704   Zero   RW         9733    .bss                usbd_conf.o
    0x240087a0        -       0x00000400   Zero   RW            1    STACK               startup_stm32h723xx.o


==============================================================================

Image component sizes


      Code (inc. data)   RO Data    RW Data    ZI Data      Debug   Object Name

        52          4          0          0          0        887   bdma.o
       478         82          0          8         96       2754   bsp_can.o
      1580         50          0          0          0       2746   bsp_uart.o
     25952       2260          0         20          0      15831   buzzer.o
       544         60          0          9          0       1171   can_task.o
      4304        456         64        324       3632      13745   chassis.o
       490         34          0          4       1720      70643   cmsis_os2.o
       620         20          0          4          0       4300   dji_motor.o
      2210         96          0         20          0      10892   dm_motor.o
        68          4          0          0          0        882   dma.o
         0          0          0          0          0      24244   event_groups.o
       968         56          0          4        480       3529   fdcan.o
        98         38        140         12          0       5561   freertos.o
        38          0          0          0          0       2887   global.o
       368         16          0          0          0       1231   gpio.o
       684         60          0         28      15360       5619   heap_4.o
       124          0          0          0          0       3137   list.o
       444         22          0          0          0    1272497   main.o
       348         44          0         16          0       1813   motion_task.o
       134         20          0          0          0       2131   motor.o
         0          0          0          0          0       2640   mpu_wrappers_v2.o
       762         32          0          0          0       7497   pid.o
       894         78          0         12          0      11060   port.o
      1140         16          0          0         64      13813   queue.o
       730        170          0          0          0       1577   register.o
       598         10          0         50        100       9706   remote_control.o
       344         30          0          0        256       1942   spi.o
        44         12        716          0       1024        836   startup_stm32h723xx.o
       172         34          0          9          0      23022   stm32h7xx_hal.o
       422         40          0          0          0      40580   stm32h7xx_hal_cortex.o
      7030        138          8          0          0      11083   stm32h7xx_hal_dma.o
      1036         22          0          0          0       2657   stm32h7xx_hal_dma_ex.o
      3720         52         92          0          0      24268   stm32h7xx_hal_fdcan.o
       548         52          0          0          0       2867   stm32h7xx_hal_gpio.o
        48          6          0          0          0        934   stm32h7xx_hal_msp.o
      3670         16          0          0          0      13856   stm32h7xx_hal_pcd.o
       130          4          0          0          0       3193   stm32h7xx_hal_pcd_ex.o
       116         12          0          0          0       1334   stm32h7xx_hal_pwr_ex.o
      3496        120          0          0          0       7593   stm32h7xx_hal_rcc.o
      5140        112          0          0          0       7329   stm32h7xx_hal_rcc_ex.o
      2128         18          0          0          0       9742   stm32h7xx_hal_spi.o
      3310        344          0          0          0      18304   stm32h7xx_hal_tim.o
       234         38          0          0          0       3288   stm32h7xx_hal_tim_ex.o
       148         20          0          0         76       1595   stm32h7xx_hal_timebase_tim.o
      3730        152         24          0          0      29979   stm32h7xx_hal_uart.o
       360         10         16          0          0       5534   stm32h7xx_hal_uart_ex.o
       338        102          0          0          0      13229   stm32h7xx_it.o
      4064         90          0          0          0      23004   stm32h7xx_ll_usb.o
         0          0          0          0          0        424   stream_buffer.o
       230         26          0          0          0       2859   structure.o
       304         38         16          8          0       1897   system_stm32h7xx.o
      3262        338          0         64       1220      30738   tasks.o
       488         34          0          0        152       3231   tim.o
      1058        120          0         20        280      34244   timers.o
       784         92          0        220       2288       5079   up.o
      1052         78          0          0        684       3625   usart.o
        80         16          0          0        732        776   usb_device.o
      1772         52          0        138          0      14317   usbd_cdc.o
       240         36          0         28       4160       4494   usbd_cdc_if.o
       956         30          0          0       1796      17596   usbd_conf.o
      1372          0          0          0          0      16593   usbd_core.o
      2420         22          0          1          0      18068   usbd_ctlreq.o
       386        122          0         94        512       7037   usbd_desc.o
       182          0          0          0          0       4820   usbd_ioreq.o
       148          8          0          0          0       1270   ws2812.o

    ----------------------------------------------------------------------
     98672       6064       1108       1108      34632    1906030   Object Totals
         0          0         32          0          0          0   (incl. Generated)
        82          0          0         15          0          0   (incl. Padding)

    ----------------------------------------------------------------------

      Code (inc. data)   RO Data    RW Data    ZI Data      Debug   Library Member Name

       692         98          0          0          0        208   atan2f.o
        24         14          0          0          0        116   dunder.o
       252          6          0          0          0        144   fmod.o
        38          0          0          0          0        116   fpclassifyf.o
        22          6          0          0          0        232   funder.o
       160          6          0          0          0        140   roundf.o
        58          0          0          0          0        136   sqrtf.o
        86          0          0          0          0          0   __dczerorl2.o
         0          0          0          0          0          0   entry.o
         0          0          0          0          0          0   entry10a.o
         0          0          0          0          0          0   entry11a.o
         4          0          0          0          0          0   entry12b.o
         8          4          0          0          0          0   entry2.o
         4          0          0          0          0          0   entry5.o
         0          0          0          0          0          0   entry7b.o
         0          0          0          0          0          0   entry8b.o
         8          4          0          0          0          0   entry9a.o
        12          6          0          4          0         68   errno.o
        30          0          0          0          0          0   handlers.o
        36          8          0          0          0         68   init.o
         0          0          0          0          0          0   iusefp.o
        30          0          0          0          0         68   llshl.o
        32          0          0          0          0         68   llushr.o
        36          0          0          0          0         68   memcpya.o
        36          0          0          0          0        108   memseta.o
        98          0          0          0          0         92   uldiv.o
       186          0          0          0          0        176   depilogue.o
       134          0          0          0          0         96   drem.o
       110          0          0          0          0        168   fepilogue.o
        60          0          0          0          0         76   frnd.o

    ----------------------------------------------------------------------
      2168        152          0          4          0       2148   Library Totals
        12          0          0          0          0          0   (incl. Padding)

    ----------------------------------------------------------------------

      Code (inc. data)   RO Data    RW Data    ZI Data      Debug   Library Name

      1246        130          0          0          0       1092   m_wv.l
       420         22          0          4          0        540   mc_w.l
       490          0          0          0          0        516   mf_w.l

    ----------------------------------------------------------------------
      2168        152          0          4          0       2148   Library Totals

    ----------------------------------------------------------------------

==============================================================================


      Code (inc. data)   RO Data    RW Data    ZI Data      Debug   

    100840       6216       1108       1112      34632    1862194   Grand Totals
    100840       6216       1108        340      34632    1862194   ELF Image Totals (compressed)
    100840       6216       1108        340          0          0   ROM Totals

==============================================================================

    Total RO  Size (Code + RO Data)               101948 (  99.56kB)
    Total RW  Size (RW Data + ZI Data)             35744 (  34.91kB)
    Total ROM Size (Code + RO Data + RW Data)     102288 (  99.89kB)

==============================================================================

